Archive member included to satisfy reference by file (symbol)

c:/st/stm32cubeide_1.7.0/stm32cubeide/plugins/com.st.stm32cube.ide.mcu.externaltools.gnu-tools-for-stm32.9-2020-q2-update.win32_2.0.0.202105311346/tools/bin/../lib/gcc/arm-none-eabi/9.3.1/../../../../arm-none-eabi/lib/thumb/v7-m/nofp\libc_nano.a(lib_a-errno.o)
                              ./Core/Src/syscalls.o (__errno)
c:/st/stm32cubeide_1.7.0/stm32cubeide/plugins/com.st.stm32cube.ide.mcu.externaltools.gnu-tools-for-stm32.9-2020-q2-update.win32_2.0.0.202105311346/tools/bin/../lib/gcc/arm-none-eabi/9.3.1/../../../../arm-none-eabi/lib/thumb/v7-m/nofp\libc_nano.a(lib_a-exit.o)
                              c:/st/stm32cubeide_1.7.0/stm32cubeide/plugins/com.st.stm32cube.ide.mcu.externaltools.gnu-tools-for-stm32.9-2020-q2-update.win32_2.0.0.202105311346/tools/bin/../lib/gcc/arm-none-eabi/9.3.1/../../../../arm-none-eabi/lib/thumb/v7-m/nofp/crt0.o (exit)
c:/st/stm32cubeide_1.7.0/stm32cubeide/plugins/com.st.stm32cube.ide.mcu.externaltools.gnu-tools-for-stm32.9-2020-q2-update.win32_2.0.0.202105311346/tools/bin/../lib/gcc/arm-none-eabi/9.3.1/../../../../arm-none-eabi/lib/thumb/v7-m/nofp\libc_nano.a(lib_a-impure.o)
                              c:/st/stm32cubeide_1.7.0/stm32cubeide/plugins/com.st.stm32cube.ide.mcu.externaltools.gnu-tools-for-stm32.9-2020-q2-update.win32_2.0.0.202105311346/tools/bin/../lib/gcc/arm-none-eabi/9.3.1/../../../../arm-none-eabi/lib/thumb/v7-m/nofp\libc_nano.a(lib_a-exit.o) (_global_impure_ptr)
c:/st/stm32cubeide_1.7.0/stm32cubeide/plugins/com.st.stm32cube.ide.mcu.externaltools.gnu-tools-for-stm32.9-2020-q2-update.win32_2.0.0.202105311346/tools/bin/../lib/gcc/arm-none-eabi/9.3.1/../../../../arm-none-eabi/lib/thumb/v7-m/nofp\libc_nano.a(lib_a-init.o)
                              c:/st/stm32cubeide_1.7.0/stm32cubeide/plugins/com.st.stm32cube.ide.mcu.externaltools.gnu-tools-for-stm32.9-2020-q2-update.win32_2.0.0.202105311346/tools/bin/../lib/gcc/arm-none-eabi/9.3.1/../../../../arm-none-eabi/lib/thumb/v7-m/nofp/crt0.o (__libc_init_array)
c:/st/stm32cubeide_1.7.0/stm32cubeide/plugins/com.st.stm32cube.ide.mcu.externaltools.gnu-tools-for-stm32.9-2020-q2-update.win32_2.0.0.202105311346/tools/bin/../lib/gcc/arm-none-eabi/9.3.1/../../../../arm-none-eabi/lib/thumb/v7-m/nofp\libc_nano.a(lib_a-memset.o)
                              c:/st/stm32cubeide_1.7.0/stm32cubeide/plugins/com.st.stm32cube.ide.mcu.externaltools.gnu-tools-for-stm32.9-2020-q2-update.win32_2.0.0.202105311346/tools/bin/../lib/gcc/arm-none-eabi/9.3.1/../../../../arm-none-eabi/lib/thumb/v7-m/nofp/crt0.o (memset)

Allocating common symbols
Common symbol       size              file

htim4               0x48              ./Core/Src/main.o
uwTick              0x4               ./Drivers/STM32F1xx_HAL_Driver/Src/stm32f1xx_hal.o
pFlash              0x20              ./Drivers/STM32F1xx_HAL_Driver/Src/stm32f1xx_hal_flash.o
hadc1               0x30              ./Core/Src/main.o
hdma_adc1           0x44              ./Core/Src/main.o
sensor_calib        0xa               ./Core/Src/main.o
htim2               0x48              ./Core/Src/main.o
sensor_value        0xa               ./Core/Src/main.o

Discarded input sections

 .text          0x0000000000000000        0x0 c:/st/stm32cubeide_1.7.0/stm32cubeide/plugins/com.st.stm32cube.ide.mcu.externaltools.gnu-tools-for-stm32.9-2020-q2-update.win32_2.0.0.202105311346/tools/bin/../lib/gcc/arm-none-eabi/9.3.1/thumb/v7-m/nofp/crti.o
 .data          0x0000000000000000        0x0 c:/st/stm32cubeide_1.7.0/stm32cubeide/plugins/com.st.stm32cube.ide.mcu.externaltools.gnu-tools-for-stm32.9-2020-q2-update.win32_2.0.0.202105311346/tools/bin/../lib/gcc/arm-none-eabi/9.3.1/thumb/v7-m/nofp/crti.o
 .bss           0x0000000000000000        0x0 c:/st/stm32cubeide_1.7.0/stm32cubeide/plugins/com.st.stm32cube.ide.mcu.externaltools.gnu-tools-for-stm32.9-2020-q2-update.win32_2.0.0.202105311346/tools/bin/../lib/gcc/arm-none-eabi/9.3.1/thumb/v7-m/nofp/crti.o
 .data          0x0000000000000000        0x4 c:/st/stm32cubeide_1.7.0/stm32cubeide/plugins/com.st.stm32cube.ide.mcu.externaltools.gnu-tools-for-stm32.9-2020-q2-update.win32_2.0.0.202105311346/tools/bin/../lib/gcc/arm-none-eabi/9.3.1/thumb/v7-m/nofp/crtbegin.o
 .text          0x0000000000000000       0x7c c:/st/stm32cubeide_1.7.0/stm32cubeide/plugins/com.st.stm32cube.ide.mcu.externaltools.gnu-tools-for-stm32.9-2020-q2-update.win32_2.0.0.202105311346/tools/bin/../lib/gcc/arm-none-eabi/9.3.1/../../../../arm-none-eabi/lib/thumb/v7-m/nofp/crt0.o
 .data          0x0000000000000000        0x0 c:/st/stm32cubeide_1.7.0/stm32cubeide/plugins/com.st.stm32cube.ide.mcu.externaltools.gnu-tools-for-stm32.9-2020-q2-update.win32_2.0.0.202105311346/tools/bin/../lib/gcc/arm-none-eabi/9.3.1/../../../../arm-none-eabi/lib/thumb/v7-m/nofp/crt0.o
[...]
Memory Configuration

Name             Origin             Length             Attributes
RAM              0x0000000020000000 0x0000000000005000 xrw
FLASH            0x0000000008000000 0x0000000000010000 xr
*default*        0x0000000000000000 0xffffffffffffffff

Linker script and memory map

LOAD c:/st/stm32cubeide_1.7.0/stm32cubeide/plugins/com.st.stm32cube.ide.mcu.externaltools.gnu-tools-for-stm32.9-2020-q2-update.win32_2.0.0.202105311346/tools/bin/../lib/gcc/arm-none-eabi/9.3.1/thumb/v7-m/nofp/crti.o
LOAD c:/st/stm32cubeide_1.7.0/stm32cubeide/plugins/com.st.stm32cube.ide.mcu.externaltools.gnu-tools-for-stm32.9-2020-q2-update.win32_2.0.0.202105311346/tools/bin/../lib/gcc/arm-none-eabi/9.3.1/thumb/v7-m/nofp/crtbegin.o
LOAD c:/st/stm32cubeide_1.7.0/stm32cubeide/plugins/com.st.stm32cube.ide.mcu.externaltools.gnu-tools-for-stm32.9-2020-q2-update.win32_2.0.0.202105311346/tools/bin/../lib/gcc/arm-none-eabi/9.3.1/../../../../arm-none-eabi/lib/thumb/v7-m/nofp/crt0.o
LOAD ./Core/Src/main.o
LOAD ./Core/Src/move_driver.o
LOAD ./Core/Src/software_timer.o
LOAD ./Core/Src/stm32f1xx_hal_msp.o
LOAD ./Core/Src/stm32f1xx_it.o
LOAD ./Core/Src/syscalls.o
LOAD ./Core/Src/sysmem.o
LOAD ./Core/Src/system_stm32f1xx.o
LOAD ./Core/Startup/startup_stm32f103c8tx.o
LOAD ./Drivers/STM32F1xx_HAL_Driver/Src/stm32f1xx_hal.o
LOAD ./Drivers/STM32F1xx_HAL_Driver/Src/stm32f1xx_hal_adc.o
LOAD ./Drivers/STM32F1xx_HAL_Driver/Src/stm32f1xx_hal_adc_ex.o
LOAD ./Drivers/STM32F1xx_HAL_Driver/Src/stm32f1xx_hal_cortex.o
LOAD ./Drivers/STM32F1xx_HAL_Driver/Src/stm32f1xx_hal_dma.o
LOAD ./Drivers/STM32F1xx_HAL_Driver/Src/stm32f1xx_hal_exti.o
LOAD ./Drivers/STM32F1xx_HAL_Driver/Src/stm32f1xx_hal_flash.o
LOAD ./Drivers/STM32F1xx_HAL_Driver/Src/stm32f1xx_hal_flash_ex.o
LOAD ./Drivers/STM32F1xx_HAL_Driver/Src/stm32f1xx_hal_gpio.o
LOAD ./Drivers/STM32F1xx_HAL_Driver/Src/stm32f1xx_hal_gpio_ex.o
LOAD ./Drivers/STM32F1xx_HAL_Driver/Src/stm32f1xx_hal_pwr.o
LOAD ./Drivers/STM32F1xx_HAL_Driver/Src/stm32f1xx_hal_rcc.o
LOAD ./Drivers/STM32F1xx_HAL_Driver/Src/stm32f1xx_hal_rcc_ex.o
LOAD ./Drivers/STM32F1xx_HAL_Driver/Src/stm32f1xx_hal_tim.o
LOAD ./Drivers/STM32F1xx_HAL_Driver/Src/stm32f1xx_hal_tim_ex.o
START GROUP
LOAD c:/st/stm32cubeide_1.7.0/stm32cubeide/plugins/com.st.stm32cube.ide.mcu.externaltools.gnu-tools-for-stm32.9-2020-q2-update.win32_2.0.0.202105311346/tools/bin/../lib/gcc/arm-none-eabi/9.3.1/../../../../arm-none-eabi/lib/thumb/v7-m/nofp\libc_nano.a
LOAD c:/st/stm32cubeide_1.7.0/stm32cubeide/plugins/com.st.stm32cube.ide.mcu.externaltools.gnu-tools-for-stm32.9-2020-q2-update.win32_2.0.0.202105311346/tools/bin/../lib/gcc/arm-none-eabi/9.3.1/../../../../arm-none-eabi/lib/thumb/v7-m/nofp\libm.a
END GROUP
START GROUP
LOAD c:/st/stm32cubeide_1.7.0/stm32cubeide/plugins/com.st.stm32cube.ide.mcu.externaltools.gnu-tools-for-stm32.9-2020-q2-update.win32_2.0.0.202105311346/tools/bin/../lib/gcc/arm-none-eabi/9.3.1/thumb/v7-m/nofp\libgcc.a
LOAD c:/st/stm32cubeide_1.7.0/stm32cubeide/plugins/com.st.stm32cube.ide.mcu.externaltools.gnu-tools-for-stm32.9-2020-q2-update.win32_2.0.0.202105311346/tools/bin/../lib/gcc/arm-none-eabi/9.3.1/../../../../arm-none-eabi/lib/thumb/v7-m/nofp\libc_nano.a
END GROUP
START GROUP
LOAD c:/st/stm32cubeide_1.7.0/stm32cubeide/plugins/com.st.stm32cube.ide.mcu.externaltools.gnu-tools-for-stm32.9-2020-q2-update.win32_2.0.0.202105311346/tools/bin/../lib/gcc/arm-none-eabi/9.3.1/thumb/v7-m/nofp\libgcc.a
LOAD c:/st/stm32cubeide_1.7.0/stm32cubeide/plugins/com.st.stm32cube.ide.mcu.externaltools.gnu-tools-for-stm32.9-2020-q2-update.win32_2.0.0.202105311346/tools/bin/../lib/gcc/arm-none-eabi/9.3.1/../../../../arm-none-eabi/lib/thumb/v7-m/nofp\libc_nano.a
LOAD c:/st/stm32cubeide_1.7.0/stm32cubeide/plugins/com.st.stm32cube.ide.mcu.externaltools.gnu-tools-for-stm32.9-2020-q2-update.win32_2.0.0.202105311346/tools/bin/../lib/gcc/arm-none-eabi/9.3.1/../../../../arm-none-eabi/lib/thumb/v7-m/nofp\libnosys.a
END GROUP
START GROUP
LOAD c:/st/stm32cubeide_1.7.0/stm32cubeide/plugins/com.st.stm32cube.ide.mcu.externaltools.gnu-tools-for-stm32.9-2020-q2-update.win32_2.0.0.202105311346/tools/bin/../lib/gcc/arm-none-eabi/9.3.1/thumb/v7-m/nofp\libgcc.a
LOAD c:/st/stm32cubeide_1.7.0/stm32cubeide/plugins/com.st.stm32cube.ide.mcu.externaltools.gnu-tools-for-stm32.9-2020-q2-update.win32_2.0.0.202105311346/tools/bin/../lib/gcc/arm-none-eabi/9.3.1/../../../../arm-none-eabi/lib/thumb/v7-m/nofp\libc_nano.a
LOAD c:/st/stm32cubeide_1.7.0/stm32cubeide/plugins/com.st.stm32cube.ide.mcu.externaltools.gnu-tools-for-stm32.9-2020-q2-update.win32_2.0.0.202105311346/tools/bin/../lib/gcc/arm-none-eabi/9.3.1/../../../../arm-none-eabi/lib/thumb/v7-m/nofp\libnosys.a
END GROUP
LOAD c:/st/stm32cubeide_1.7.0/stm32cubeide/plugins/com.st.stm32cube.ide.mcu.externaltools.gnu-tools-for-stm32.9-2020-q2-update.win32_2.0.0.202105311346/tools/bin/../lib/gcc/arm-none-eabi/9.3.1/thumb/v7-m/nofp/crtend.o
LOAD c:/st/stm32cubeide_1.7.0/stm32cubeide/plugins/com.st.stm32cube.ide.mcu.externaltools.gnu-tools-for-stm32.9-2020-q2-update.win32_2.0.0.202105311346/tools/bin/../lib/gcc/arm-none-eabi/9.3.1/thumb/v7-m/nofp/crtn.o
                0x0000000020005000                _estack = (ORIGIN (RAM) + LENGTH (RAM))
                0x0000000000000200                _Min_Heap_Size = 0x200
                0x0000000000000400                _Min_Stack_Size = 0x400

.isr_vector     0x0000000008000000      0x10c
                0x0000000008000000                . = ALIGN (0x4)
 *(.isr_vector)
 .isr_vector    0x0000000008000000      0x10c ./Core/Startup/startup_stm32f103c8tx.o
                0x0000000008000000                g_pfnVectors
                0x000000000800010c                . = ALIGN (0x4)

.text           0x000000000800010c     0x3e30
                0x000000000800010c                . = ALIGN (0x4)
 *(.text)
 .text          0x000000000800010c       0x40 c:/st/stm32cubeide_1.7.0/stm32cubeide/plugins/com.st.stm32cube.ide.mcu.externaltools.gnu-tools-for-stm32.9-2020-q2-update.win32_2.0.0.202105311346/tools/bin/../lib/gcc/arm-none-eabi/9.3.1/thumb/v7-m/nofp/crtbegin.o
 *(.text*)
 .text.main     0x000000000800014c       0x7c ./Core/Src/main.o
                0x000000000800014c                main
 .text.SystemClock_Config
                0x00000000080001c8       0xb6 ./Core/Src/main.o
                0x00000000080001c8                SystemClock_Config
 *fill*         0x000000000800027e        0x2 
 .text.MX_ADC1_Init
                0x0000000008000280       0xf0 ./Core/Src/main.o
 .text.MX_TIM2_Init
                0x0000000008000370       0x98 ./Core/Src/main.o
 .text.MX_TIM4_Init
                0x0000000008000408      0x12c ./Core/Src/main.o
 .text.MX_DMA_Init
                0x0000000008000534       0x3c ./Core/Src/main.o
 .text.MX_GPIO_Init
                0x0000000008000570       0xdc ./Core/Src/main.o
 .text.HAL_TIM_PeriodElapsedCallback
                0x000000000800064c       0x16 ./Core/Src/main.o
                0x000000000800064c                HAL_TIM_PeriodElapsedCallback
 *fill*         0x0000000008000662        0x2 
 .text.buttonScan
                0x0000000008000664       0x30 ./Core/Src/main.o
                0x0000000008000664                buttonScan
 .text.sensorScan
                0x0000000008000694       0x84 ./Core/Src/main.o
                0x0000000008000694                sensorScan
 .text.ledBlink
                0x0000000008000718       0x38 ./Core/Src/main.o
                0x0000000008000718                ledBlink
 .text.checkLine
                0x0000000008000750       0xd8 ./Core/Src/main.o
                0x0000000008000750                checkLine
 .text.checkStatus
                0x0000000008000828       0x7c ./Core/Src/main.o
                0x0000000008000828                checkStatus
 .text.sensorCalib
                0x00000000080008a4       0x3c ./Core/Src/main.o
                0x00000000080008a4                sensorCalib
 .text.followLine
                0x00000000080008e0       0x50 ./Core/Src/main.o
                0x00000000080008e0                followLine
 .text.followLineUntilCross
                0x0000000008000930       0x48 ./Core/Src/main.o
                0x0000000008000930                followLineUntilCross
 .text.turnLeftUntilLine
                0x0000000008000978       0x4c ./Core/Src/main.o
                0x0000000008000978                turnLeftUntilLine
 .text.turnRightUntilLine
                0x00000000080009c4       0x4c ./Core/Src/main.o
                0x00000000080009c4                turnRightUntilLine
 .text.lineSet  0x0000000008000a10      0x3b8 ./Core/Src/main.o
                0x0000000008000a10                lineSet
 .text.Error_Handler
                0x0000000008000dc8        0xa ./Core/Src/main.o
                0x0000000008000dc8                Error_Handler
 *fill*         0x0000000008000dd2        0x2 
 .text.setSpeed
                0x0000000008000dd4       0x78 ./Core/Src/move_driver.o
                0x0000000008000dd4                setSpeed
 .text.dc1Forward
                0x0000000008000e4c       0x38 ./Core/Src/move_driver.o
                0x0000000008000e4c                dc1Forward
 .text.dc1Backwards
                0x0000000008000e84       0x38 ./Core/Src/move_driver.o
                0x0000000008000e84                dc1Backwards
 .text.dc1Stop  0x0000000008000ebc       0x2c ./Core/Src/move_driver.o
                0x0000000008000ebc                dc1Stop
 .text.dc2Forward
                0x0000000008000ee8       0x38 ./Core/Src/move_driver.o
                0x0000000008000ee8                dc2Forward
 .text.dc2Backwards
                0x0000000008000f20       0x38 ./Core/Src/move_driver.o
                0x0000000008000f20                dc2Backwards
 .text.dc2Stop  0x0000000008000f58       0x2c ./Core/Src/move_driver.o
                0x0000000008000f58                dc2Stop
 .text.dc3Forward
                0x0000000008000f84       0x38 ./Core/Src/move_driver.o
                0x0000000008000f84                dc3Forward
 .text.dc3Backwards
                0x0000000008000fbc       0x38 ./Core/Src/move_driver.o
                0x0000000008000fbc                dc3Backwards
 .text.dc3Stop  0x0000000008000ff4       0x2c ./Core/Src/move_driver.o
                0x0000000008000ff4                dc3Stop
 .text.dc4Forward
                0x0000000008001020       0x38 ./Core/Src/move_driver.o
                0x0000000008001020                dc4Forward
 .text.dc4Backwards
                0x0000000008001058       0x38 ./Core/Src/move_driver.o
                0x0000000008001058                dc4Backwards
 .text.dc4Stop  0x0000000008001090       0x2c ./Core/Src/move_driver.o
                0x0000000008001090                dc4Stop
 .text.stop     0x00000000080010bc       0x18 ./Core/Src/move_driver.o
                0x00000000080010bc                stop
 .text.forward  0x00000000080010d4       0x20 ./Core/Src/move_driver.o
                0x00000000080010d4                forward
 .text.backwards
                0x00000000080010f4       0x20 ./Core/Src/move_driver.o
                0x00000000080010f4                backwards
 .text.right    0x0000000008001114       0x20 ./Core/Src/move_driver.o
                0x0000000008001114                right
 .text.left     0x0000000008001134       0x20 ./Core/Src/move_driver.o
                0x0000000008001134                left
 .text.rotateLeft
                0x0000000008001154       0x20 ./Core/Src/move_driver.o
                0x0000000008001154                rotateLeft
 .text.rotateRight
                0x0000000008001174       0x20 ./Core/Src/move_driver.o
                0x0000000008001174                rotateRight
 .text.setTimer
                0x0000000008001194       0x30 ./Core/Src/software_timer.o
                0x0000000008001194                setTimer
 .text.timerRun
                0x00000000080011c4       0x50 ./Core/Src/software_timer.o
                0x00000000080011c4                timerRun
 .text.HAL_MspInit
                0x0000000008001214       0x64 ./Core/Src/stm32f1xx_hal_msp.o
                0x0000000008001214                HAL_MspInit
 .text.HAL_ADC_MspInit
                0x0000000008001278       0xd0 ./Core/Src/stm32f1xx_hal_msp.o
                0x0000000008001278                HAL_ADC_MspInit
 .text.HAL_TIM_Base_MspInit
                0x0000000008001348       0x70 ./Core/Src/stm32f1xx_hal_msp.o
                0x0000000008001348                HAL_TIM_Base_MspInit
 .text.HAL_TIM_MspPostInit
                0x00000000080013b8       0x68 ./Core/Src/stm32f1xx_hal_msp.o
                0x00000000080013b8                HAL_TIM_MspPostInit
 .text.NMI_Handler
                0x0000000008001420        0x6 ./Core/Src/stm32f1xx_it.o
                0x0000000008001420                NMI_Handler
 .text.HardFault_Handler
                0x0000000008001426        0x6 ./Core/Src/stm32f1xx_it.o
                0x0000000008001426                HardFault_Handler
 .text.MemManage_Handler
                0x000000000800142c        0x6 ./Core/Src/stm32f1xx_it.o
                0x000000000800142c                MemManage_Handler
 .text.BusFault_Handler
                0x0000000008001432        0x6 ./Core/Src/stm32f1xx_it.o
                0x0000000008001432                BusFault_Handler
 .text.UsageFault_Handler
                0x0000000008001438        0x6 ./Core/Src/stm32f1xx_it.o
                0x0000000008001438                UsageFault_Handler
 .text.SVC_Handler
                0x000000000800143e        0xc ./Core/Src/stm32f1xx_it.o
                0x000000000800143e                SVC_Handler
 .text.DebugMon_Handler
                0x000000000800144a        0xc ./Core/Src/stm32f1xx_it.o
                0x000000000800144a                DebugMon_Handler
 .text.PendSV_Handler
                0x0000000008001456        0xc ./Core/Src/stm32f1xx_it.o
                0x0000000008001456                PendSV_Handler
 .text.SysTick_Handler
                0x0000000008001462        0xc ./Core/Src/stm32f1xx_it.o
                0x0000000008001462                SysTick_Handler
 *fill*         0x000000000800146e        0x2 
 .text.DMA1_Channel1_IRQHandler
                0x0000000008001470       0x14 ./Core/Src/stm32f1xx_it.o
                0x0000000008001470                DMA1_Channel1_IRQHandler
 .text.TIM2_IRQHandler
                0x0000000008001484       0x14 ./Core/Src/stm32f1xx_it.o
                0x0000000008001484                TIM2_IRQHandler
 .text.SystemInit
                0x0000000008001498        0xc ./Core/Src/system_stm32f1xx.o
                0x0000000008001498                SystemInit
 .text.Reset_Handler
                0x00000000080014a4       0x48 ./Core/Startup/startup_stm32f103c8tx.o
                0x00000000080014a4                Reset_Handler
 .text.Default_Handler
                0x00000000080014ec        0x2 ./Core/Startup/startup_stm32f103c8tx.o
                0x00000000080014ec                RTC_Alarm_IRQHandler
                0x00000000080014ec                EXTI2_IRQHandler
                0x00000000080014ec                TIM1_CC_IRQHandler
                0x00000000080014ec                PVD_IRQHandler
                0x00000000080014ec                EXTI3_IRQHandler
                0x00000000080014ec                EXTI0_IRQHandler
                0x00000000080014ec                I2C2_EV_IRQHandler
                0x00000000080014ec                ADC1_2_IRQHandler
                0x00000000080014ec                SPI1_IRQHandler
                0x00000000080014ec                TAMPER_IRQHandler
                0x00000000080014ec                DMA1_Channel4_IRQHandler
                0x00000000080014ec                USART3_IRQHandler
                0x00000000080014ec                RTC_IRQHandler
                0x00000000080014ec                DMA1_Channel7_IRQHandler
                0x00000000080014ec                CAN1_RX1_IRQHandler
                0x00000000080014ec                TIM4_IRQHandler
                0x00000000080014ec                I2C1_EV_IRQHandler
                0x00000000080014ec                DMA1_Channel6_IRQHandler
                0x00000000080014ec                TIM3_IRQHandler
                0x00000000080014ec                RCC_IRQHandler
                0x00000000080014ec                TIM1_TRG_COM_IRQHandler
                0x00000000080014ec                Default_Handler
                0x00000000080014ec                EXTI15_10_IRQHandler
                0x00000000080014ec                EXTI9_5_IRQHandler
                0x00000000080014ec                SPI2_IRQHandler
                0x00000000080014ec                DMA1_Channel5_IRQHandler
                0x00000000080014ec                EXTI4_IRQHandler
                0x00000000080014ec                USB_LP_CAN1_RX0_IRQHandler
                0x00000000080014ec                USB_HP_CAN1_TX_IRQHandler
                0x00000000080014ec                DMA1_Channel3_IRQHandler
                0x00000000080014ec                TIM1_UP_IRQHandler
                0x00000000080014ec                WWDG_IRQHandler
                0x00000000080014ec                TIM1_BRK_IRQHandler
                0x00000000080014ec                EXTI1_IRQHandler
                0x00000000080014ec                USART2_IRQHandler
                0x00000000080014ec                I2C2_ER_IRQHandler
                0x00000000080014ec                DMA1_Channel2_IRQHandler
                0x00000000080014ec                CAN1_SCE_IRQHandler
                0x00000000080014ec                FLASH_IRQHandler
                0x00000000080014ec                USART1_IRQHandler
                0x00000000080014ec                I2C1_ER_IRQHandler
                0x00000000080014ec                USBWakeUp_IRQHandler
 *fill*         0x00000000080014ee        0x2 
 .text.HAL_Init
                0x00000000080014f0       0x2c ./Drivers/STM32F1xx_HAL_Driver/Src/stm32f1xx_hal.o
                0x00000000080014f0                HAL_Init
 .text.HAL_InitTick
                0x000000000800151c       0x60 ./Drivers/STM32F1xx_HAL_Driver/Src/stm32f1xx_hal.o
                0x000000000800151c                HAL_InitTick
 .text.HAL_IncTick
                0x000000000800157c       0x24 ./Drivers/STM32F1xx_HAL_Driver/Src/stm32f1xx_hal.o
                0x000000000800157c                HAL_IncTick
 .text.HAL_GetTick
                0x00000000080015a0       0x14 ./Drivers/STM32F1xx_HAL_Driver/Src/stm32f1xx_hal.o
                0x00000000080015a0                HAL_GetTick
 .text.HAL_ADC_Init
                0x00000000080015b4      0x1b0 ./Drivers/STM32F1xx_HAL_Driver/Src/stm32f1xx_hal_adc.o
                0x00000000080015b4                HAL_ADC_Init
 .text.HAL_ADC_Start_DMA
                0x0000000008001764      0x1bc ./Drivers/STM32F1xx_HAL_Driver/Src/stm32f1xx_hal_adc.o
                0x0000000008001764                HAL_ADC_Start_DMA
 .text.HAL_ADC_ConvCpltCallback
                0x0000000008001920       0x12 ./Drivers/STM32F1xx_HAL_Driver/Src/stm32f1xx_hal_adc.o
                0x0000000008001920                HAL_ADC_ConvCpltCallback
 .text.HAL_ADC_ConvHalfCpltCallback
                0x0000000008001932       0x12 ./Drivers/STM32F1xx_HAL_Driver/Src/stm32f1xx_hal_adc.o
                0x0000000008001932                HAL_ADC_ConvHalfCpltCallback
 .text.HAL_ADC_ErrorCallback
                0x0000000008001944       0x12 ./Drivers/STM32F1xx_HAL_Driver/Src/stm32f1xx_hal_adc.o
                0x0000000008001944                HAL_ADC_ErrorCallback
 *fill*         0x0000000008001956        0x2 
 .text.HAL_ADC_ConfigChannel
                0x0000000008001958      0x1f0 ./Drivers/STM32F1xx_HAL_Driver/Src/stm32f1xx_hal_adc.o
                0x0000000008001958                HAL_ADC_ConfigChannel
 .text.ADC_Enable
                0x0000000008001b48       0xb4 ./Drivers/STM32F1xx_HAL_Driver/Src/stm32f1xx_hal_adc.o
                0x0000000008001b48                ADC_Enable
 .text.ADC_ConversionStop_Disable
                0x0000000008001bfc       0x82 ./Drivers/STM32F1xx_HAL_Driver/Src/stm32f1xx_hal_adc.o
                0x0000000008001bfc                ADC_ConversionStop_Disable
 .text.ADC_DMAConvCplt
                0x0000000008001c7e       0x7c ./Drivers/STM32F1xx_HAL_Driver/Src/stm32f1xx_hal_adc.o
                0x0000000008001c7e                ADC_DMAConvCplt
 .text.ADC_DMAHalfConvCplt
                0x0000000008001cfa       0x1c ./Drivers/STM32F1xx_HAL_Driver/Src/stm32f1xx_hal_adc.o
                0x0000000008001cfa                ADC_DMAHalfConvCplt
 .text.ADC_DMAError
                0x0000000008001d16       0x34 ./Drivers/STM32F1xx_HAL_Driver/Src/stm32f1xx_hal_adc.o
                0x0000000008001d16                ADC_DMAError
 *fill*         0x0000000008001d4a        0x2 
 .text.__NVIC_SetPriorityGrouping
                0x0000000008001d4c       0x48 ./Drivers/STM32F1xx_HAL_Driver/Src/stm32f1xx_hal_cortex.o
 .text.__NVIC_GetPriorityGrouping
                0x0000000008001d94       0x1c ./Drivers/STM32F1xx_HAL_Driver/Src/stm32f1xx_hal_cortex.o
 .text.__NVIC_EnableIRQ
                0x0000000008001db0       0x38 ./Drivers/STM32F1xx_HAL_Driver/Src/stm32f1xx_hal_cortex.o
 .text.__NVIC_SetPriority
                0x0000000008001de8       0x54 ./Drivers/STM32F1xx_HAL_Driver/Src/stm32f1xx_hal_cortex.o
 .text.NVIC_EncodePriority
                0x0000000008001e3c       0x64 ./Drivers/STM32F1xx_HAL_Driver/Src/stm32f1xx_hal_cortex.o
 .text.SysTick_Config
                0x0000000008001ea0       0x44 ./Drivers/STM32F1xx_HAL_Driver/Src/stm32f1xx_hal_cortex.o
 .text.HAL_NVIC_SetPriorityGrouping
                0x0000000008001ee4       0x16 ./Drivers/STM32F1xx_HAL_Driver/Src/stm32f1xx_hal_cortex.o
                0x0000000008001ee4                HAL_NVIC_SetPriorityGrouping
 .text.HAL_NVIC_SetPriority
                0x0000000008001efa       0x38 ./Drivers/STM32F1xx_HAL_Driver/Src/stm32f1xx_hal_cortex.o
                0x0000000008001efa                HAL_NVIC_SetPriority
 .text.HAL_NVIC_EnableIRQ
                0x0000000008001f32       0x1c ./Drivers/STM32F1xx_HAL_Driver/Src/stm32f1xx_hal_cortex.o
                0x0000000008001f32                HAL_NVIC_EnableIRQ
 .text.HAL_SYSTICK_Config
                0x0000000008001f4e       0x18 ./Drivers/STM32F1xx_HAL_Driver/Src/stm32f1xx_hal_cortex.o
                0x0000000008001f4e                HAL_SYSTICK_Config
 *fill*         0x0000000008001f66        0x2 
 .text.HAL_DMA_Init
                0x0000000008001f68       0xb4 ./Drivers/STM32F1xx_HAL_Driver/Src/stm32f1xx_hal_dma.o
                0x0000000008001f68                HAL_DMA_Init
 .text.HAL_DMA_Start_IT
                0x000000000800201c       0xc0 ./Drivers/STM32F1xx_HAL_Driver/Src/stm32f1xx_hal_dma.o
                0x000000000800201c                HAL_DMA_Start_IT
 .text.HAL_DMA_IRQHandler
                0x00000000080020dc      0x20c ./Drivers/STM32F1xx_HAL_Driver/Src/stm32f1xx_hal_dma.o
                0x00000000080020dc                HAL_DMA_IRQHandler
 .text.DMA_SetConfig
                0x00000000080022e8       0x5a ./Drivers/STM32F1xx_HAL_Driver/Src/stm32f1xx_hal_dma.o
 *fill*         0x0000000008002342        0x2 
 .text.HAL_GPIO_Init
                0x0000000008002344      0x308 ./Drivers/STM32F1xx_HAL_Driver/Src/stm32f1xx_hal_gpio.o
                0x0000000008002344                HAL_GPIO_Init
 .text.HAL_GPIO_ReadPin
                0x000000000800264c       0x2e ./Drivers/STM32F1xx_HAL_Driver/Src/stm32f1xx_hal_gpio.o
                0x000000000800264c                HAL_GPIO_ReadPin
 .text.HAL_GPIO_WritePin
                0x000000000800267a       0x30 ./Drivers/STM32F1xx_HAL_Driver/Src/stm32f1xx_hal_gpio.o
                0x000000000800267a                HAL_GPIO_WritePin
 .text.HAL_GPIO_TogglePin
                0x00000000080026aa       0x32 ./Drivers/STM32F1xx_HAL_Driver/Src/stm32f1xx_hal_gpio.o
                0x00000000080026aa                HAL_GPIO_TogglePin
 .text.HAL_RCC_OscConfig
                0x00000000080026dc      0x500 ./Drivers/STM32F1xx_HAL_Driver/Src/stm32f1xx_hal_rcc.o
                0x00000000080026dc                HAL_RCC_OscConfig
 .text.HAL_RCC_ClockConfig
                0x0000000008002bdc      0x1d4 ./Drivers/STM32F1xx_HAL_Driver/Src/stm32f1xx_hal_rcc.o
                0x0000000008002bdc                HAL_RCC_ClockConfig
 .text.HAL_RCC_GetSysClockFreq
                0x0000000008002db0       0xa8 ./Drivers/STM32F1xx_HAL_Driver/Src/stm32f1xx_hal_rcc.o
                0x0000000008002db0                HAL_RCC_GetSysClockFreq
 .text.RCC_Delay
                0x0000000008002e58       0x3c ./Drivers/STM32F1xx_HAL_Driver/Src/stm32f1xx_hal_rcc.o
 .text.HAL_RCCEx_PeriphCLKConfig
                0x0000000008002e94      0x16c ./Drivers/STM32F1xx_HAL_Driver/Src/stm32f1xx_hal_rcc_ex.o
                0x0000000008002e94                HAL_RCCEx_PeriphCLKConfig
 .text.HAL_TIM_Base_Init
                0x0000000008003000       0x9e ./Drivers/STM32F1xx_HAL_Driver/Src/stm32f1xx_hal_tim.o
                0x0000000008003000                HAL_TIM_Base_Init
 *fill*         0x000000000800309e        0x2 
 .text.HAL_TIM_Base_Start_IT
                0x00000000080030a0       0xa4 ./Drivers/STM32F1xx_HAL_Driver/Src/stm32f1xx_hal_tim.o
                0x00000000080030a0                HAL_TIM_Base_Start_IT
 .text.HAL_TIM_PWM_Init
                0x0000000008003144       0x9e ./Drivers/STM32F1xx_HAL_Driver/Src/stm32f1xx_hal_tim.o
                0x0000000008003144                HAL_TIM_PWM_Init
 .text.HAL_TIM_PWM_MspInit
                0x00000000080031e2       0x12 ./Drivers/STM32F1xx_HAL_Driver/Src/stm32f1xx_hal_tim.o
                0x00000000080031e2                HAL_TIM_PWM_MspInit
 .text.HAL_TIM_PWM_Start
                0x00000000080031f4      0x144 ./Drivers/STM32F1xx_HAL_Driver/Src/stm32f1xx_hal_tim.o
                0x00000000080031f4                HAL_TIM_PWM_Start
 .text.HAL_TIM_IRQHandler
                0x0000000008003338      0x210 ./Drivers/STM32F1xx_HAL_Driver/Src/stm32f1xx_hal_tim.o
                0x0000000008003338                HAL_TIM_IRQHandler
 .text.HAL_TIM_PWM_ConfigChannel
                0x0000000008003548      0x184 ./Drivers/STM32F1xx_HAL_Driver/Src/stm32f1xx_hal_tim.o
                0x0000000008003548                HAL_TIM_PWM_ConfigChannel
 .text.HAL_TIM_ConfigClockSource
                0x00000000080036cc      0x18e ./Drivers/STM32F1xx_HAL_Driver/Src/stm32f1xx_hal_tim.o
                0x00000000080036cc                HAL_TIM_ConfigClockSource
 .text.HAL_TIM_OC_DelayElapsedCallback
                0x000000000800385a       0x12 ./Drivers/STM32F1xx_HAL_Driver/Src/stm32f1xx_hal_tim.o
                0x000000000800385a                HAL_TIM_OC_DelayElapsedCallback
 .text.HAL_TIM_IC_CaptureCallback
                0x000000000800386c       0x12 ./Drivers/STM32F1xx_HAL_Driver/Src/stm32f1xx_hal_tim.o
                0x000000000800386c                HAL_TIM_IC_CaptureCallback
 .text.HAL_TIM_PWM_PulseFinishedCallback
                0x000000000800387e       0x12 ./Drivers/STM32F1xx_HAL_Driver/Src/stm32f1xx_hal_tim.o
                0x000000000800387e                HAL_TIM_PWM_PulseFinishedCallback
 .text.HAL_TIM_TriggerCallback
                0x0000000008003890       0x12 ./Drivers/STM32F1xx_HAL_Driver/Src/stm32f1xx_hal_tim.o
                0x0000000008003890                HAL_TIM_TriggerCallback
 *fill*         0x00000000080038a2        0x2 
 .text.TIM_Base_SetConfig
                0x00000000080038a4       0xc4 ./Drivers/STM32F1xx_HAL_Driver/Src/stm32f1xx_hal_tim.o
                0x00000000080038a4                TIM_Base_SetConfig
 .text.TIM_OC1_SetConfig
                0x0000000008003968       0xcc ./Drivers/STM32F1xx_HAL_Driver/Src/stm32f1xx_hal_tim.o
 .text.TIM_OC2_SetConfig
                0x0000000008003a34       0xd4 ./Drivers/STM32F1xx_HAL_Driver/Src/stm32f1xx_hal_tim.o
                0x0000000008003a34                TIM_OC2_SetConfig
 .text.TIM_OC3_SetConfig
                0x0000000008003b08       0xd4 ./Drivers/STM32F1xx_HAL_Driver/Src/stm32f1xx_hal_tim.o
 .text.TIM_OC4_SetConfig
                0x0000000008003bdc       0x9c ./Drivers/STM32F1xx_HAL_Driver/Src/stm32f1xx_hal_tim.o
 .text.TIM_TI1_ConfigInputStage
                0x0000000008003c78       0x5c ./Drivers/STM32F1xx_HAL_Driver/Src/stm32f1xx_hal_tim.o
 .text.TIM_TI2_ConfigInputStage
                0x0000000008003cd4       0x5e ./Drivers/STM32F1xx_HAL_Driver/Src/stm32f1xx_hal_tim.o
 .text.TIM_ITRx_SetConfig
                0x0000000008003d32       0x34 ./Drivers/STM32F1xx_HAL_Driver/Src/stm32f1xx_hal_tim.o
 .text.TIM_ETR_SetConfig
                0x0000000008003d66       0x3e ./Drivers/STM32F1xx_HAL_Driver/Src/stm32f1xx_hal_tim.o
                0x0000000008003d66                TIM_ETR_SetConfig
 .text.TIM_CCxChannelCmd
                0x0000000008003da4       0x48 ./Drivers/STM32F1xx_HAL_Driver/Src/stm32f1xx_hal_tim.o
                0x0000000008003da4                TIM_CCxChannelCmd
 .text.HAL_TIMEx_MasterConfigSynchronization
                0x0000000008003dec       0xbc ./Drivers/STM32F1xx_HAL_Driver/Src/stm32f1xx_hal_tim_ex.o
                0x0000000008003dec                HAL_TIMEx_MasterConfigSynchronization
 .text.HAL_TIMEx_CommutCallback
                0x0000000008003ea8       0x12 ./Drivers/STM32F1xx_HAL_Driver/Src/stm32f1xx_hal_tim_ex.o
                0x0000000008003ea8                HAL_TIMEx_CommutCallback
 .text.HAL_TIMEx_BreakCallback
                0x0000000008003eba       0x12 ./Drivers/STM32F1xx_HAL_Driver/Src/stm32f1xx_hal_tim_ex.o
                0x0000000008003eba                HAL_TIMEx_BreakCallback
 .text.__libc_init_array
                0x0000000008003ecc       0x48 c:/st/stm32cubeide_1.7.0/stm32cubeide/plugins/com.st.stm32cube.ide.mcu.externaltools.gnu-tools-for-stm32.9-2020-q2-update.win32_2.0.0.202105311346/tools/bin/../lib/gcc/arm-none-eabi/9.3.1/../../../../arm-none-eabi/lib/thumb/v7-m/nofp\libc_nano.a(lib_a-init.o)
                0x0000000008003ecc                __libc_init_array
 .text.memset   0x0000000008003f14       0x10 c:/st/stm32cubeide_1.7.0/stm32cubeide/plugins/com.st.stm32cube.ide.mcu.externaltools.gnu-tools-for-stm32.9-2020-q2-update.win32_2.0.0.202105311346/tools/bin/../lib/gcc/arm-none-eabi/9.3.1/../../../../arm-none-eabi/lib/thumb/v7-m/nofp\libc_nano.a(lib_a-memset.o)
                0x0000000008003f14                memset
 *(.glue_7)
 .glue_7        0x0000000008003f24        0x0 linker stubs
 *(.glue_7t)
 .glue_7t       0x0000000008003f24        0x0 linker stubs
 *(.eh_frame)
 .eh_frame      0x0000000008003f24        0x0 c:/st/stm32cubeide_1.7.0/stm32cubeide/plugins/com.st.stm32cube.ide.mcu.externaltools.gnu-tools-for-stm32.9-2020-q2-update.win32_2.0.0.202105311346/tools/bin/../lib/gcc/arm-none-eabi/9.3.1/thumb/v7-m/nofp/crtbegin.o
 *(.init)
 .init          0x0000000008003f24        0x4 c:/st/stm32cubeide_1.7.0/stm32cubeide/plugins/com.st.stm32cube.ide.mcu.externaltools.gnu-tools-for-stm32.9-2020-q2-update.win32_2.0.0.202105311346/tools/bin/../lib/gcc/arm-none-eabi/9.3.1/thumb/v7-m/nofp/crti.o
                0x0000000008003f24                _init
 .init          0x0000000008003f28        0x8 c:/st/stm32cubeide_1.7.0/stm32cubeide/plugins/com.st.stm32cube.ide.mcu.externaltools.gnu-tools-for-stm32.9-2020-q2-update.win32_2.0.0.202105311346/tools/bin/../lib/gcc/arm-none-eabi/9.3.1/thumb/v7-m/nofp/crtn.o
 *(.fini)
 .fini          0x0000000008003f30        0x4 c:/st/stm32cubeide_1.7.0/stm32cubeide/plugins/com.st.stm32cube.ide.mcu.externaltools.gnu-tools-for-stm32.9-2020-q2-update.win32_2.0.0.202105311346/tools/bin/../lib/gcc/arm-none-eabi/9.3.1/thumb/v7-m/nofp/crti.o
                0x0000000008003f30                _fini
 .fini          0x0000000008003f34        0x8 c:/st/stm32cubeide_1.7.0/stm32cubeide/plugins/com.st.stm32cube.ide.mcu.externaltools.gnu-tools-for-stm32.9-2020-q2-update.win32_2.0.0.202105311346/tools/bin/../lib/gcc/arm-none-eabi/9.3.1/thumb/v7-m/nofp/crtn.o
                0x0000000008003f3c                . = ALIGN (0x4)
                0x0000000008003f3c                _etext = .

.vfp11_veneer   0x0000000008003f3c        0x0
 .vfp11_veneer  0x0000000008003f3c        0x0 linker stubs

.v4_bx          0x0000000008003f3c        0x0
 .v4_bx         0x0000000008003f3c        0x0 linker stubs

.iplt           0x0000000008003f3c        0x0
 .iplt          0x0000000008003f3c        0x0 c:/st/stm32cubeide_1.7.0/stm32cubeide/plugins/com.st.stm32cube.ide.mcu.externaltools.gnu-tools-for-stm32.9-2020-q2-update.win32_2.0.0.202105311346/tools/bin/../lib/gcc/arm-none-eabi/9.3.1/thumb/v7-m/nofp/crtbegin.o

.rodata         0x0000000008003f3c       0x24
                0x0000000008003f3c                . = ALIGN (0x4)
 *(.rodata)
 *(.rodata*)
 .rodata.AHBPrescTable
                0x0000000008003f3c       0x10 ./Core/Src/system_stm32f1xx.o
                0x0000000008003f3c                AHBPrescTable
 .rodata.aPLLMULFactorTable.6175
                0x0000000008003f4c       0x10 ./Drivers/STM32F1xx_HAL_Driver/Src/stm32f1xx_hal_rcc.o
 .rodata.aPredivFactorTable.6176
                0x0000000008003f5c        0x2 ./Drivers/STM32F1xx_HAL_Driver/Src/stm32f1xx_hal_rcc.o
                0x0000000008003f60                . = ALIGN (0x4)
 *fill*         0x0000000008003f5e        0x2 

.rel.dyn        0x0000000008003f60        0x0
 .rel.iplt      0x0000000008003f60        0x0 c:/st/stm32cubeide_1.7.0/stm32cubeide/plugins/com.st.stm32cube.ide.mcu.externaltools.gnu-tools-for-stm32.9-2020-q2-update.win32_2.0.0.202105311346/tools/bin/../lib/gcc/arm-none-eabi/9.3.1/thumb/v7-m/nofp/crtbegin.o

.ARM.extab      0x0000000008003f60        0x0
                0x0000000008003f60                . = ALIGN (0x4)
 *(.ARM.extab* .gnu.linkonce.armextab.*)
                0x0000000008003f60                . = ALIGN (0x4)

.ARM            0x0000000008003f60        0x0
                0x0000000008003f60                . = ALIGN (0x4)
                0x0000000008003f60                __exidx_start = .
 *(.ARM.exidx*)
                0x0000000008003f60                __exidx_end = .
                0x0000000008003f60                . = ALIGN (0x4)

.preinit_array  0x0000000008003f60        0x0
                0x0000000008003f60                . = ALIGN (0x4)
                0x0000000008003f60                PROVIDE (__preinit_array_start = .)
 *(.preinit_array*)
                0x0000000008003f60                PROVIDE (__preinit_array_end = .)
                0x0000000008003f60                . = ALIGN (0x4)

.init_array     0x0000000008003f60        0x4
                0x0000000008003f60                . = ALIGN (0x4)
                0x0000000008003f60                PROVIDE (__init_array_start = .)
 *(SORT_BY_NAME(.init_array.*))
 *(.init_array*)
 .init_array    0x0000000008003f60        0x4 c:/st/stm32cubeide_1.7.0/stm32cubeide/plugins/com.st.stm32cube.ide.mcu.externaltools.gnu-tools-for-stm32.9-2020-q2-update.win32_2.0.0.202105311346/tools/bin/../lib/gcc/arm-none-eabi/9.3.1/thumb/v7-m/nofp/crtbegin.o
                0x0000000008003f64                PROVIDE (__init_array_end = .)
                0x0000000008003f64                . = ALIGN (0x4)

.fini_array     0x0000000008003f64        0x4
                0x0000000008003f64                . = ALIGN (0x4)
                [!provide]                        PROVIDE (__fini_array_start = .)
 *(SORT_BY_NAME(.fini_array.*))
 *(.fini_array*)
 .fini_array    0x0000000008003f64        0x4 c:/st/stm32cubeide_1.7.0/stm32cubeide/plugins/com.st.stm32cube.ide.mcu.externaltools.gnu-tools-for-stm32.9-2020-q2-update.win32_2.0.0.202105311346/tools/bin/../lib/gcc/arm-none-eabi/9.3.1/thumb/v7-m/nofp/crtbegin.o
                [!provide]                        PROVIDE (__fini_array_end = .)
                0x0000000008003f68                . = ALIGN (0x4)
                0x0000000008003f68                _sidata = LOADADDR (.data)

.data           0x0000000020000000       0x48 load address 0x0000000008003f68
                0x0000000020000000                . = ALIGN (0x4)
                0x0000000020000000                _sdata = .
 *(.data)
 *(.data*)
 .data.status   0x0000000020000000        0x1 ./Core/Src/main.o
                0x0000000020000000                status
 *fill*         0x0000000020000001        0x3 
 .data.arr      0x0000000020000004       0x32 ./Core/Src/main.o
                0x0000000020000004                arr
 *fill*         0x0000000020000036        0x2 
 .data.led_cycle
                0x0000000020000038        0x4 ./Core/Src/main.o
                0x0000000020000038                led_cycle
 .data.SystemCoreClock
                0x000000002000003c        0x4 ./Core/Src/system_stm32f1xx.o
                0x000000002000003c                SystemCoreClock
 .data.uwTickPrio
                0x0000000020000040        0x4 ./Drivers/STM32F1xx_HAL_Driver/Src/stm32f1xx_hal.o
                0x0000000020000040                uwTickPrio
 .data.uwTickFreq
                0x0000000020000044        0x1 ./Drivers/STM32F1xx_HAL_Driver/Src/stm32f1xx_hal.o
                0x0000000020000044                uwTickFreq
 *(.RamFunc)
 *(.RamFunc*)
                0x0000000020000048                . = ALIGN (0x4)
 *fill*         0x0000000020000045        0x3 
                0x0000000020000048                _edata = .

.igot.plt       0x0000000020000048        0x0 load address 0x0000000008003fb0
 .igot.plt      0x0000000020000048        0x0 c:/st/stm32cubeide_1.7.0/stm32cubeide/plugins/com.st.stm32cube.ide.mcu.externaltools.gnu-tools-for-stm32.9-2020-q2-update.win32_2.0.0.202105311346/tools/bin/../lib/gcc/arm-none-eabi/9.3.1/thumb/v7-m/nofp/crtbegin.o
                0x0000000020000048                . = ALIGN (0x4)

.bss            0x0000000020000048      0x200 load address 0x0000000008003fb0
                0x0000000020000048                _sbss = .
                0x0000000020000048                __bss_start__ = _sbss
 *(.bss)
 .bss           0x0000000020000048       0x1c c:/st/stm32cubeide_1.7.0/stm32cubeide/plugins/com.st.stm32cube.ide.mcu.externaltools.gnu-tools-for-stm32.9-2020-q2-update.win32_2.0.0.202105311346/tools/bin/../lib/gcc/arm-none-eabi/9.3.1/thumb/v7-m/nofp/crtbegin.o
 *(.bss*)
 .bss.count     0x0000000020000064        0x1 ./Core/Src/main.o
                0x0000000020000064                count
 .bss.index     0x0000000020000065        0x1 ./Core/Src/main.o
                0x0000000020000065                index
 *fill*         0x0000000020000066        0x2 
 .bss.sensor_buffer
                0x0000000020000068        0x4 ./Core/Src/main.o
                0x0000000020000068                sensor_buffer
 .bss.led_count
                0x000000002000006c        0x4 ./Core/Src/main.o
                0x000000002000006c                led_count
 .bss.button_count
                0x0000000020000070        0x4 ./Core/Src/main.o
                0x0000000020000070                button_count
 .bss.line_code
                0x0000000020000074        0x1 ./Core/Src/main.o
                0x0000000020000074                line_code
 *fill*         0x0000000020000075        0x3 
 .bss.status_follow
                0x0000000020000078        0x4 ./Core/Src/main.o
                0x0000000020000078                status_follow
 .bss.status_turn_left
                0x000000002000007c        0x4 ./Core/Src/main.o
                0x000000002000007c                status_turn_left
 .bss.status_turn_right
                0x0000000020000080        0x4 ./Core/Src/main.o
                0x0000000020000080                status_turn_right
 .bss.speed_duty_cycle
                0x0000000020000084        0x1 ./Core/Src/move_driver.o
                0x0000000020000084                speed_duty_cycle
 *fill*         0x0000000020000085        0x3 
 .bss.timer_counter
                0x0000000020000088       0x50 ./Core/Src/software_timer.o
                0x0000000020000088                timer_counter
 .bss.timer_flag
                0x00000000200000d8       0x50 ./Core/Src/software_timer.o
                0x00000000200000d8                timer_flag
 *(COMMON)
 COMMON         0x0000000020000128      0x11a ./Core/Src/main.o
                0x0000000020000128                htim4
                0x0000000020000170                hadc1
                0x00000000200001a0                hdma_adc1
                0x00000000200001e4                sensor_calib
                0x00000000200001f0                htim2
                0x0000000020000238                sensor_value
 *fill*         0x0000000020000242        0x2 
 COMMON         0x0000000020000244        0x4 ./Drivers/STM32F1xx_HAL_Driver/Src/stm32f1xx_hal.o
                0x0000000020000244                uwTick
                0x0000000020000248                . = ALIGN (0x4)
                0x0000000020000248                _ebss = .
                0x0000000020000248                __bss_end__ = _ebss

._user_heap_stack
                0x0000000020000248      0x600 load address 0x0000000008003fb0
                0x0000000020000248                . = ALIGN (0x8)
                [!provide]                        PROVIDE (end = .)
                0x0000000020000248                PROVIDE (_end = .)
                0x0000000020000448                . = (. + _Min_Heap_Size)
 *fill*         0x0000000020000248      0x200 
                0x0000000020000848                . = (. + _Min_Stack_Size)
 *fill*         0x0000000020000448      0x400 
                0x0000000020000848                . = ALIGN (0x8)

/DISCARD/
 libc.a(*)
 libm.a(*)
 libgcc.a(*)

.ARM.attributes
                0x0000000000000000       0x29
 *(.ARM.attributes)
 .ARM.attributes
                0x0000000000000000       0x1d c:/st/stm32cubeide_1.7.0/stm32cubeide/plugins/com.st.stm32cube.ide.mcu.externaltools.gnu-tools-for-stm32.9-2020-q2-update.win32_2.0.0.202105311346/tools/bin/../lib/gcc/arm-none-eabi/9.3.1/thumb/v7-m/nofp/crti.o
 .ARM.attributes
                0x000000000000001d       0x2d c:/st/stm32cubeide_1.7.0/stm32cubeide/plugins/com.st.stm32cube.ide.mcu.externaltools.gnu-tools-for-stm32.9-2020-q2-update.win32_2.0.0.202105311346/tools/bin/../lib/gcc/arm-none-eabi/9.3.1/thumb/v7-m/nofp/crtbegin.o
 .ARM.attributes
                0x000000000000004a       0x2d ./Core/Src/main.o
 .ARM.attributes
                0x0000000000000077       0x2d ./Core/Src/move_driver.o
 .ARM.attributes
                0x00000000000000a4       0x2d ./Core/Src/software_timer.o
 .ARM.attributes
                0x00000000000000d1       0x2d ./Core/Src/stm32f1xx_hal_msp.o
 .ARM.attributes
                0x00000000000000fe       0x2d ./Core/Src/stm32f1xx_it.o
 .ARM.attributes
                0x000000000000012b       0x2d ./Core/Src/system_stm32f1xx.o
 .ARM.attributes
                0x0000000000000158       0x21 ./Core/Startup/startup_stm32f103c8tx.o
 .ARM.attributes
                0x0000000000000179       0x2d ./Drivers/STM32F1xx_HAL_Driver/Src/stm32f1xx_hal.o
 .ARM.attributes
                0x00000000000001a6       0x2d ./Drivers/STM32F1xx_HAL_Driver/Src/stm32f1xx_hal_adc.o
 .ARM.attributes
                0x00000000000001d3       0x2d ./Drivers/STM32F1xx_HAL_Driver/Src/stm32f1xx_hal_cortex.o
 .ARM.attributes
                0x0000000000000200       0x2d ./Drivers/STM32F1xx_HAL_Driver/Src/stm32f1xx_hal_dma.o
 .ARM.attributes
                0x000000000000022d       0x2d ./Drivers/STM32F1xx_HAL_Driver/Src/stm32f1xx_hal_gpio.o
 .ARM.attributes
                0x000000000000025a       0x2d ./Drivers/STM32F1xx_HAL_Driver/Src/stm32f1xx_hal_rcc.o
 .ARM.attributes
                0x0000000000000287       0x2d ./Drivers/STM32F1xx_HAL_Driver/Src/stm32f1xx_hal_rcc_ex.o
 .ARM.attributes
                0x00000000000002b4       0x2d ./Drivers/STM32F1xx_HAL_Driver/Src/stm32f1xx_hal_tim.o
 .ARM.attributes
                0x00000000000002e1       0x2d ./Drivers/STM32F1xx_HAL_Driver/Src/stm32f1xx_hal_tim_ex.o
 .ARM.attributes
                0x000000000000030e       0x2d c:/st/stm32cubeide_1.7.0/stm32cubeide/plugins/com.st.stm32cube.ide.mcu.externaltools.gnu-tools-for-stm32.9-2020-q2-update.win32_2.0.0.202105311346/tools/bin/../lib/gcc/arm-none-eabi/9.3.1/../../../../arm-none-eabi/lib/thumb/v7-m/nofp\libc_nano.a(lib_a-init.o)
 .ARM.attributes
                0x000000000000033b       0x2d c:/st/stm32cubeide_1.7.0/stm32cubeide/plugins/com.st.stm32cube.ide.mcu.externaltools.gnu-tools-for-stm32.9-2020-q2-update.win32_2.0.0.202105311346/tools/bin/../lib/gcc/arm-none-eabi/9.3.1/../../../../arm-none-eabi/lib/thumb/v7-m/nofp\libc_nano.a(lib_a-memset.o)
 .ARM.attributes
                0x0000000000000368       0x1d c:/st/stm32cubeide_1.7.0/stm32cubeide/plugins/com.st.stm32cube.ide.mcu.externaltools.gnu-tools-for-stm32.9-2020-q2-update.win32_2.0.0.202105311346/tools/bin/../lib/gcc/arm-none-eabi/9.3.1/thumb/v7-m/nofp/crtn.o
OUTPUT(The_First.elf elf32-littlearm)
LOAD linker stubs
LOAD c:/st/stm32cubeide_1.7.0/stm32cubeide/plugins/com.st.stm32cube.ide.mcu.externaltools.gnu-tools-for-stm32.9-2020-q2-update.win32_2.0.0.202105311346/tools/bin/../lib/gcc/arm-none-eabi/9.3.1/../../../../arm-none-eabi/lib/thumb/v7-m/nofp\libc.a
LOAD c:/st/stm32cubeide_1.7.0/stm32cubeide/plugins/com.st.stm32cube.ide.mcu.externaltools.gnu-tools-for-stm32.9-2020-q2-update.win32_2.0.0.202105311346/tools/bin/../lib/gcc/arm-none-eabi/9.3.1/../../../../arm-none-eabi/lib/thumb/v7-m/nofp\libm.a
LOAD c:/st/stm32cubeide_1.7.0/stm32cubeide/plugins/com.st.stm32cube.ide.mcu.externaltools.gnu-tools-for-stm32.9-2020-q2-update.win32_2.0.0.202105311346/tools/bin/../lib/gcc/arm-none-eabi/9.3.1/thumb/v7-m/nofp\libgcc.a

.debug_info     0x0000000000000000     0xb615
 .debug_info    0x0000000000000000     0x1396 ./Core/Src/main.o
 .debug_info    0x0000000000001396      0xa1d ./Core/Src/move_driver.o
 .debug_info    0x0000000000001db3       0xcb ./Core/Src/software_timer.o
 .debug_info    0x0000000000001e7e      0xe68 ./Core/Src/stm32f1xx_hal_msp.o
 .debug_info    0x0000000000002ce6      0x7e9 ./Core/Src/stm32f1xx_it.o
 .debug_info    0x00000000000034cf      0x2be ./Core/Src/system_stm32f1xx.o
 .debug_info    0x000000000000378d       0x22 ./Core/Startup/startup_stm32f103c8tx.o
 .debug_info    0x00000000000037af      0x76a ./Drivers/STM32F1xx_HAL_Driver/Src/stm32f1xx_hal.o
 .debug_info    0x0000000000003f19      0xd52 ./Drivers/STM32F1xx_HAL_Driver/Src/stm32f1xx_hal_adc.o
 .debug_info    0x0000000000004c6b      0xbdc ./Drivers/STM32F1xx_HAL_Driver/Src/stm32f1xx_hal_cortex.o
 .debug_info    0x0000000000005847      0x823 ./Drivers/STM32F1xx_HAL_Driver/Src/stm32f1xx_hal_dma.o
 .debug_info    0x000000000000606a      0x701 ./Drivers/STM32F1xx_HAL_Driver/Src/stm32f1xx_hal_gpio.o
 .debug_info    0x000000000000676b      0x893 ./Drivers/STM32F1xx_HAL_Driver/Src/stm32f1xx_hal_rcc.o
 .debug_info    0x0000000000006ffe      0x486 ./Drivers/STM32F1xx_HAL_Driver/Src/stm32f1xx_hal_rcc_ex.o
 .debug_info    0x0000000000007484     0x2c12 ./Drivers/STM32F1xx_HAL_Driver/Src/stm32f1xx_hal_tim.o
 .debug_info    0x000000000000a096     0x157f ./Drivers/STM32F1xx_HAL_Driver/Src/stm32f1xx_hal_tim_ex.o

.debug_abbrev   0x0000000000000000     0x1e4c
 .debug_abbrev  0x0000000000000000      0x333 ./Core/Src/main.o
 .debug_abbrev  0x0000000000000333      0x1c5 ./Core/Src/move_driver.o
 .debug_abbrev  0x00000000000004f8       0xbb ./Core/Src/software_timer.o
 .debug_abbrev  0x00000000000005b3      0x1db ./Core/Src/stm32f1xx_hal_msp.o
 .debug_abbrev  0x000000000000078e      0x189 ./Core/Src/stm32f1xx_it.o
 .debug_abbrev  0x0000000000000917      0x14e ./Core/Src/system_stm32f1xx.o
 .debug_abbrev  0x0000000000000a65       0x12 ./Core/Startup/startup_stm32f103c8tx.o
 .debug_abbrev  0x0000000000000a77      0x1ed ./Drivers/STM32F1xx_HAL_Driver/Src/stm32f1xx_hal.o
 .debug_abbrev  0x0000000000000c64      0x1fb ./Drivers/STM32F1xx_HAL_Driver/Src/stm32f1xx_hal_adc.o
 .debug_abbrev  0x0000000000000e5f      0x313 ./Drivers/STM32F1xx_HAL_Driver/Src/stm32f1xx_hal_cortex.o
 .debug_abbrev  0x0000000000001172      0x228 ./Drivers/STM32F1xx_HAL_Driver/Src/stm32f1xx_hal_dma.o
 .debug_abbrev  0x000000000000139a      0x1e8 ./Drivers/STM32F1xx_HAL_Driver/Src/stm32f1xx_hal_gpio.o
 .debug_abbrev  0x0000000000001582      0x273 ./Drivers/STM32F1xx_HAL_Driver/Src/stm32f1xx_hal_rcc.o
 .debug_abbrev  0x00000000000017f5      0x193 ./Drivers/STM32F1xx_HAL_Driver/Src/stm32f1xx_hal_rcc_ex.o
 .debug_abbrev  0x0000000000001988      0x25e ./Drivers/STM32F1xx_HAL_Driver/Src/stm32f1xx_hal_tim.o
 .debug_abbrev  0x0000000000001be6      0x266 ./Drivers/STM32F1xx_HAL_Driver/Src/stm32f1xx_hal_tim_ex.o

.debug_aranges  0x0000000000000000      0xc68
 .debug_aranges
                0x0000000000000000       0xc0 ./Core/Src/main.o
 .debug_aranges
                0x00000000000000c0       0xd8 ./Core/Src/move_driver.o
 .debug_aranges
                0x0000000000000198       0x28 ./Core/Src/software_timer.o
 .debug_aranges
                0x00000000000001c0       0x48 ./Core/Src/stm32f1xx_hal_msp.o
 .debug_aranges
                0x0000000000000208       0x70 ./Core/Src/stm32f1xx_it.o
 .debug_aranges
                0x0000000000000278       0x28 ./Core/Src/system_stm32f1xx.o
 .debug_aranges
                0x00000000000002a0       0x28 ./Core/Startup/startup_stm32f103c8tx.o
 .debug_aranges
                0x00000000000002c8       0xe0 ./Drivers/STM32F1xx_HAL_Driver/Src/stm32f1xx_hal.o
 .debug_aranges
                0x00000000000003a8       0xf0 ./Drivers/STM32F1xx_HAL_Driver/Src/stm32f1xx_hal_adc.o
 .debug_aranges
                0x0000000000000498      0x100 ./Drivers/STM32F1xx_HAL_Driver/Src/stm32f1xx_hal_cortex.o
 .debug_aranges
                0x0000000000000598       0x80 ./Drivers/STM32F1xx_HAL_Driver/Src/stm32f1xx_hal_dma.o
 .debug_aranges
                0x0000000000000618       0x58 ./Drivers/STM32F1xx_HAL_Driver/Src/stm32f1xx_hal_gpio.o
 .debug_aranges
                0x0000000000000670       0x90 ./Drivers/STM32F1xx_HAL_Driver/Src/stm32f1xx_hal_rcc.o
 .debug_aranges
                0x0000000000000700       0x30 ./Drivers/STM32F1xx_HAL_Driver/Src/stm32f1xx_hal_rcc_ex.o
 .debug_aranges
                0x0000000000000730      0x3d0 ./Drivers/STM32F1xx_HAL_Driver/Src/stm32f1xx_hal_tim.o
 .debug_aranges
                0x0000000000000b00      0x168 ./Drivers/STM32F1xx_HAL_Driver/Src/stm32f1xx_hal_tim_ex.o

.debug_ranges   0x0000000000000000      0xb70
 .debug_ranges  0x0000000000000000       0xb0 ./Core/Src/main.o
 .debug_ranges  0x00000000000000b0       0xc8 ./Core/Src/move_driver.o
 .debug_ranges  0x0000000000000178       0x18 ./Core/Src/software_timer.o
 .debug_ranges  0x0000000000000190       0x38 ./Core/Src/stm32f1xx_hal_msp.o
 .debug_ranges  0x00000000000001c8       0x60 ./Core/Src/stm32f1xx_it.o
 .debug_ranges  0x0000000000000228       0x18 ./Core/Src/system_stm32f1xx.o
 .debug_ranges  0x0000000000000240       0x20 ./Core/Startup/startup_stm32f103c8tx.o
 .debug_ranges  0x0000000000000260       0xd0 ./Drivers/STM32F1xx_HAL_Driver/Src/stm32f1xx_hal.o
 .debug_ranges  0x0000000000000330       0xe0 ./Drivers/STM32F1xx_HAL_Driver/Src/stm32f1xx_hal_adc.o
 .debug_ranges  0x0000000000000410       0xf0 ./Drivers/STM32F1xx_HAL_Driver/Src/stm32f1xx_hal_cortex.o
 .debug_ranges  0x0000000000000500       0x70 ./Drivers/STM32F1xx_HAL_Driver/Src/stm32f1xx_hal_dma.o
 .debug_ranges  0x0000000000000570       0x48 ./Drivers/STM32F1xx_HAL_Driver/Src/stm32f1xx_hal_gpio.o
 .debug_ranges  0x00000000000005b8       0x80 ./Drivers/STM32F1xx_HAL_Driver/Src/stm32f1xx_hal_rcc.o
 .debug_ranges  0x0000000000000638       0x20 ./Drivers/STM32F1xx_HAL_Driver/Src/stm32f1xx_hal_rcc_ex.o
 .debug_ranges  0x0000000000000658      0x3c0 ./Drivers/STM32F1xx_HAL_Driver/Src/stm32f1xx_hal_tim.o
 .debug_ranges  0x0000000000000a18      0x158 ./Drivers/STM32F1xx_HAL_Driver/Src/stm32f1xx_hal_tim_ex.o

.debug_macro    0x0000000000000000    0x1750e
 .debug_macro   0x0000000000000000      0x27c ./Core/Src/main.o
 .debug_macro   0x000000000000027c      0xa9c ./Core/Src/main.o
 .debug_macro   0x0000000000000d18      0x221 ./Core/Src/main.o
 .debug_macro   0x0000000000000f39       0x2e ./Core/Src/main.o
 .debug_macro   0x0000000000000f67       0x22 ./Core/Src/main.o
 .debug_macro   0x0000000000000f89       0x22 ./Core/Src/main.o
 .debug_macro   0x0000000000000fab       0x8e ./Core/Src/main.o
 .debug_macro   0x0000000000001039       0x51 ./Core/Src/main.o
 .debug_macro   0x000000000000108a      0x103 ./Core/Src/main.o
 .debug_macro   0x000000000000118d       0x6a ./Core/Src/main.o
 .debug_macro   0x00000000000011f7      0x1df ./Core/Src/main.o
 .debug_macro   0x00000000000013d6       0x1c ./Core/Src/main.o
 .debug_macro   0x00000000000013f2       0x22 ./Core/Src/main.o
 .debug_macro   0x0000000000001414       0xc3 ./Core/Src/main.o
 .debug_macro   0x00000000000014d7      0xd23 ./Core/Src/main.o
 .debug_macro   0x00000000000021fa     0xe09e ./Core/Src/main.o
 .debug_macro   0x0000000000010298       0x6d ./Core/Src/main.o
 .debug_macro   0x0000000000010305     0x348d ./Core/Src/main.o
 .debug_macro   0x0000000000013792      0x174 ./Core/Src/main.o
 .debug_macro   0x0000000000013906       0x5c ./Core/Src/main.o
 .debug_macro   0x0000000000013962      0x5bc ./Core/Src/main.o
 .debug_macro   0x0000000000013f1e      0x289 ./Core/Src/main.o
 .debug_macro   0x00000000000141a7      0x1cb ./Core/Src/main.o
 .debug_macro   0x0000000000014372      0x114 ./Core/Src/main.o
 .debug_macro   0x0000000000014486      0x1b2 ./Core/Src/main.o
 .debug_macro   0x0000000000014638       0x27 ./Core/Src/main.o
 .debug_macro   0x000000000001465f      0x136 ./Core/Src/main.o
 .debug_macro   0x0000000000014795      0x1bc ./Core/Src/main.o
 .debug_macro   0x0000000000014951       0x34 ./Core/Src/main.o
 .debug_macro   0x0000000000014985       0x3c ./Core/Src/main.o
 .debug_macro   0x00000000000149c1       0x57 ./Core/Src/main.o
 .debug_macro   0x0000000000014a18      0x46a ./Core/Src/main.o
 .debug_macro   0x0000000000014e82      0x1b5 ./Core/Src/main.o
 .debug_macro   0x0000000000015037       0x87 ./Core/Src/main.o
 .debug_macro   0x00000000000150be      0x240 ./Core/Src/main.o
 .debug_macro   0x00000000000152fe      0x140 ./Core/Src/main.o
 .debug_macro   0x000000000001543e      0x8ed ./Core/Src/main.o
 .debug_macro   0x0000000000015d2b       0x83 ./Core/Src/main.o
 .debug_macro   0x0000000000015dae       0x7c ./Core/Src/main.o
 .debug_macro   0x0000000000015e2a      0x1c6 ./Core/Src/move_driver.o
 .debug_macro   0x0000000000015ff0       0x1b ./Core/Src/software_timer.o
 .debug_macro   0x000000000001600b      0x1bc ./Core/Src/stm32f1xx_hal_msp.o
 .debug_macro   0x00000000000161c7      0x1c6 ./Core/Src/stm32f1xx_it.o
 .debug_macro   0x000000000001638d      0x1ad ./Core/Src/system_stm32f1xx.o
 .debug_macro   0x000000000001653a      0x1d1 ./Drivers/STM32F1xx_HAL_Driver/Src/stm32f1xx_hal.o
 .debug_macro   0x000000000001670b      0x1ca ./Drivers/STM32F1xx_HAL_Driver/Src/stm32f1xx_hal_adc.o
 .debug_macro   0x00000000000168d5      0x1ad ./Drivers/STM32F1xx_HAL_Driver/Src/stm32f1xx_hal_cortex.o
 .debug_macro   0x0000000000016a82      0x1ad ./Drivers/STM32F1xx_HAL_Driver/Src/stm32f1xx_hal_dma.o
 .debug_macro   0x0000000000016c2f      0x218 ./Drivers/STM32F1xx_HAL_Driver/Src/stm32f1xx_hal_gpio.o
 .debug_macro   0x0000000000016e47      0x1bf ./Drivers/STM32F1xx_HAL_Driver/Src/stm32f1xx_hal_rcc.o
 .debug_macro   0x0000000000017006      0x1ad ./Drivers/STM32F1xx_HAL_Driver/Src/stm32f1xx_hal_rcc_ex.o
 .debug_macro   0x00000000000171b3      0x1ae ./Drivers/STM32F1xx_HAL_Driver/Src/stm32f1xx_hal_tim.o
 .debug_macro   0x0000000000017361      0x1ad ./Drivers/STM32F1xx_HAL_Driver/Src/stm32f1xx_hal_tim_ex.o

.debug_line     0x0000000000000000     0xcb20
 .debug_line    0x0000000000000000      0xcff ./Core/Src/main.o
 .debug_line    0x0000000000000cff      0x907 ./Core/Src/move_driver.o
 .debug_line    0x0000000000001606       0xa0 ./Core/Src/software_timer.o
 .debug_line    0x00000000000016a6      0x788 ./Core/Src/stm32f1xx_hal_msp.o
 .debug_line    0x0000000000001e2e      0x788 ./Core/Src/stm32f1xx_it.o
 .debug_line    0x00000000000025b6      0x714 ./Core/Src/system_stm32f1xx.o
 .debug_line    0x0000000000002cca       0x86 ./Core/Startup/startup_stm32f103c8tx.o
 .debug_line    0x0000000000002d50      0x941 ./Drivers/STM32F1xx_HAL_Driver/Src/stm32f1xx_hal.o
 .debug_line    0x0000000000003691      0xfc6 ./Drivers/STM32F1xx_HAL_Driver/Src/stm32f1xx_hal_adc.o
 .debug_line    0x0000000000004657      0xb29 ./Drivers/STM32F1xx_HAL_Driver/Src/stm32f1xx_hal_cortex.o
 .debug_line    0x0000000000005180      0xd9a ./Drivers/STM32F1xx_HAL_Driver/Src/stm32f1xx_hal_dma.o
 .debug_line    0x0000000000005f1a      0x9da ./Drivers/STM32F1xx_HAL_Driver/Src/stm32f1xx_hal_gpio.o
 .debug_line    0x00000000000068f4      0xd4d ./Drivers/STM32F1xx_HAL_Driver/Src/stm32f1xx_hal_rcc.o
 .debug_line    0x0000000000007641      0x888 ./Drivers/STM32F1xx_HAL_Driver/Src/stm32f1xx_hal_rcc_ex.o
 .debug_line    0x0000000000007ec9     0x33c0 ./Drivers/STM32F1xx_HAL_Driver/Src/stm32f1xx_hal_tim.o
 .debug_line    0x000000000000b289     0x1897 ./Drivers/STM32F1xx_HAL_Driver/Src/stm32f1xx_hal_tim_ex.o

.debug_str      0x0000000000000000    0x8989b
 .debug_str     0x0000000000000000    0x87104 ./Core/Src/main.o
                                      0x875ac (size before relaxing)
 .debug_str     0x0000000000087104      0x10a ./Core/Src/move_driver.o
                                      0x86bc9 (size before relaxing)
 .debug_str     0x000000000008720e       0x46 ./Core/Src/software_timer.o
                                       0x2dc8 (size before relaxing)
 .debug_str     0x0000000000087254       0xcb ./Core/Src/stm32f1xx_hal_msp.o
                                      0x87009 (size before relaxing)
 .debug_str     0x000000000008731f       0xe6 ./Core/Src/stm32f1xx_it.o
                                      0x86b60 (size before relaxing)
 .debug_str     0x0000000000087405       0x52 ./Core/Src/system_stm32f1xx.o
                                      0x8645b (size before relaxing)
 .debug_str     0x0000000000087457       0x36 ./Core/Startup/startup_stm32f103c8tx.o
                                         0x60 (size before relaxing)
 .debug_str     0x000000000008748d      0x304 ./Drivers/STM32F1xx_HAL_Driver/Src/stm32f1xx_hal.o
                                      0x86aec (size before relaxing)
 .debug_str     0x0000000000087791      0x366 ./Drivers/STM32F1xx_HAL_Driver/Src/stm32f1xx_hal_adc.o
                                      0x86af2 (size before relaxing)
 .debug_str     0x0000000000087af7      0x300 ./Drivers/STM32F1xx_HAL_Driver/Src/stm32f1xx_hal_cortex.o
                                      0x86af4 (size before relaxing)
 .debug_str     0x0000000000087df7      0x235 ./Drivers/STM32F1xx_HAL_Driver/Src/stm32f1xx_hal_dma.o
                                      0x86836 (size before relaxing)
 .debug_str     0x000000000008802c      0x31f ./Drivers/STM32F1xx_HAL_Driver/Src/stm32f1xx_hal_gpio.o
                                      0x8681f (size before relaxing)
 .debug_str     0x000000000008834b      0x24f ./Drivers/STM32F1xx_HAL_Driver/Src/stm32f1xx_hal_rcc.o
                                      0x86858 (size before relaxing)
 .debug_str     0x000000000008859a       0xb9 ./Drivers/STM32F1xx_HAL_Driver/Src/stm32f1xx_hal_rcc_ex.o
                                      0x865e5 (size before relaxing)
 .debug_str     0x0000000000088653      0xd5a ./Drivers/STM32F1xx_HAL_Driver/Src/stm32f1xx_hal_tim.o
                                      0x87831 (size before relaxing)
 .debug_str     0x00000000000893ad      0x4ee ./Drivers/STM32F1xx_HAL_Driver/Src/stm32f1xx_hal_tim_ex.o
                                      0x86fe2 (size before relaxing)

.comment        0x0000000000000000       0x53
 .comment       0x0000000000000000       0x53 ./Core/Src/main.o
                                         0x54 (size before relaxing)
 .comment       0x0000000000000053       0x54 ./Core/Src/move_driver.o
 .comment       0x0000000000000053       0x54 ./Core/Src/software_timer.o
 .comment       0x0000000000000053       0x54 ./Core/Src/stm32f1xx_hal_msp.o
 .comment       0x0000000000000053       0x54 ./Core/Src/stm32f1xx_it.o
 .comment       0x0000000000000053       0x54 ./Core/Src/system_stm32f1xx.o
 .comment       0x0000000000000053       0x54 ./Drivers/STM32F1xx_HAL_Driver/Src/stm32f1xx_hal.o
 .comment       0x0000000000000053       0x54 ./Drivers/STM32F1xx_HAL_Driver/Src/stm32f1xx_hal_adc.o
 .comment       0x0000000000000053       0x54 ./Drivers/STM32F1xx_HAL_Driver/Src/stm32f1xx_hal_cortex.o
 .comment       0x0000000000000053       0x54 ./Drivers/STM32F1xx_HAL_Driver/Src/stm32f1xx_hal_dma.o
 .comment       0x0000000000000053       0x54 ./Drivers/STM32F1xx_HAL_Driver/Src/stm32f1xx_hal_gpio.o
 .comment       0x0000000000000053       0x54 ./Drivers/STM32F1xx_HAL_Driver/Src/stm32f1xx_hal_rcc.o
 .comment       0x0000000000000053       0x54 ./Drivers/STM32F1xx_HAL_Driver/Src/stm32f1xx_hal_rcc_ex.o
 .comment       0x0000000000000053       0x54 ./Drivers/STM32F1xx_HAL_Driver/Src/stm32f1xx_hal_tim.o
 .comment       0x0000000000000053       0x54 ./Drivers/STM32F1xx_HAL_Driver/Src/stm32f1xx_hal_tim_ex.o

.debug_frame    0x0000000000000000     0x3218
 .debug_frame   0x0000000000000000      0x2a8 ./Core/Src/main.o
 .debug_frame   0x00000000000002a8      0x2fc ./Core/Src/move_driver.o
 .debug_frame   0x00000000000005a4       0x60 ./Core/Src/software_timer.o
 .debug_frame   0x0000000000000604       0xec ./Core/Src/stm32f1xx_hal_msp.o
 .debug_frame   0x00000000000006f0      0x13c ./Core/Src/stm32f1xx_it.o
 .debug_frame   0x000000000000082c       0x58 ./Core/Src/system_stm32f1xx.o
 .debug_frame   0x0000000000000884      0x334 ./Drivers/STM32F1xx_HAL_Driver/Src/stm32f1xx_hal.o
 .debug_frame   0x0000000000000bb8      0x40c ./Drivers/STM32F1xx_HAL_Driver/Src/stm32f1xx_hal_adc.o
 .debug_frame   0x0000000000000fc4      0x428 ./Drivers/STM32F1xx_HAL_Driver/Src/stm32f1xx_hal_cortex.o
 .debug_frame   0x00000000000013ec      0x208 ./Drivers/STM32F1xx_HAL_Driver/Src/stm32f1xx_hal_dma.o
 .debug_frame   0x00000000000015f4      0x14c ./Drivers/STM32F1xx_HAL_Driver/Src/stm32f1xx_hal_gpio.o
 .debug_frame   0x0000000000001740      0x218 ./Drivers/STM32F1xx_HAL_Driver/Src/stm32f1xx_hal_rcc.o
 .debug_frame   0x0000000000001958       0x80 ./Drivers/STM32F1xx_HAL_Driver/Src/stm32f1xx_hal_rcc_ex.o
 .debug_frame   0x00000000000019d8     0x11bc ./Drivers/STM32F1xx_HAL_Driver/Src/stm32f1xx_hal_tim.o
 .debug_frame   0x0000000000002b94      0x638 ./Drivers/STM32F1xx_HAL_Driver/Src/stm32f1xx_hal_tim_ex.o
 .debug_frame   0x00000000000031cc       0x2c c:/st/stm32cubeide_1.7.0/stm32cubeide/plugins/com.st.stm32cube.ide.mcu.externaltools.gnu-tools-for-stm32.9-2020-q2-update.win32_2.0.0.202105311346/tools/bin/../lib/gcc/arm-none-eabi/9.3.1/../../../../arm-none-eabi/lib/thumb/v7-m/nofp\libc_nano.a(lib_a-init.o)
 .debug_frame   0x00000000000031f8       0x20 c:/st/stm32cubeide_1.7.0/stm32cubeide/plugins/com.st.stm32cube.ide.mcu.externaltools.gnu-tools-for-stm32.9-2020-q2-update.win32_2.0.0.202105311346/tools/bin/../lib/gcc/arm-none-eabi/9.3.1/../../../../arm-none-eabi/lib/thumb/v7-m/nofp\libc_nano.a(lib_a-memset.o)
