Archive member included to satisfy reference by file (symbol)

d:/set stm32/stm32cubeide_1.7.0/stm32cubeide/plugins/com.st.stm32cube.ide.mcu.externaltools.gnu-tools-for-stm32.9-2020-q2-update.win32_2.0.0.202105311346/tools/bin/../lib/gcc/arm-none-eabi/9.3.1/../../../../arm-none-eabi/lib/thumb/v7-m/nofp\libc_nano.a(lib_a-errno.o)
                              ./Core/Src/syscalls.o (__errno)
d:/set stm32/stm32cubeide_1.7.0/stm32cubeide/plugins/com.st.stm32cube.ide.mcu.externaltools.gnu-tools-for-stm32.9-2020-q2-update.win32_2.0.0.202105311346/tools/bin/../lib/gcc/arm-none-eabi/9.3.1/../../../../arm-none-eabi/lib/thumb/v7-m/nofp\libc_nano.a(lib_a-exit.o)
                              d:/set stm32/stm32cubeide_1.7.0/stm32cubeide/plugins/com.st.stm32cube.ide.mcu.externaltools.gnu-tools-for-stm32.9-2020-q2-update.win32_2.0.0.202105311346/tools/bin/../lib/gcc/arm-none-eabi/9.3.1/../../../../arm-none-eabi/lib/thumb/v7-m/nofp/crt0.o (exit)
d:/set stm32/stm32cubeide_1.7.0/stm32cubeide/plugins/com.st.stm32cube.ide.mcu.externaltools.gnu-tools-for-stm32.9-2020-q2-update.win32_2.0.0.202105311346/tools/bin/../lib/gcc/arm-none-eabi/9.3.1/../../../../arm-none-eabi/lib/thumb/v7-m/nofp\libc_nano.a(lib_a-impure.o)
                              d:/set stm32/stm32cubeide_1.7.0/stm32cubeide/plugins/com.st.stm32cube.ide.mcu.externaltools.gnu-tools-for-stm32.9-2020-q2-update.win32_2.0.0.202105311346/tools/bin/../lib/gcc/arm-none-eabi/9.3.1/../../../../arm-none-eabi/lib/thumb/v7-m/nofp\libc_nano.a(lib_a-exit.o) (_global_impure_ptr)
d:/set stm32/stm32cubeide_1.7.0/stm32cubeide/plugins/com.st.stm32cube.ide.mcu.externaltools.gnu-tools-for-stm32.9-2020-q2-update.win32_2.0.0.202105311346/tools/bin/../lib/gcc/arm-none-eabi/9.3.1/../../../../arm-none-eabi/lib/thumb/v7-m/nofp\libc_nano.a(lib_a-init.o)
                              d:/set stm32/stm32cubeide_1.7.0/stm32cubeide/plugins/com.st.stm32cube.ide.mcu.externaltools.gnu-tools-for-stm32.9-2020-q2-update.win32_2.0.0.202105311346/tools/bin/../lib/gcc/arm-none-eabi/9.3.1/../../../../arm-none-eabi/lib/thumb/v7-m/nofp/crt0.o (__libc_init_array)
d:/set stm32/stm32cubeide_1.7.0/stm32cubeide/plugins/com.st.stm32cube.ide.mcu.externaltools.gnu-tools-for-stm32.9-2020-q2-update.win32_2.0.0.202105311346/tools/bin/../lib/gcc/arm-none-eabi/9.3.1/../../../../arm-none-eabi/lib/thumb/v7-m/nofp\libc_nano.a(lib_a-memset.o)
                              d:/set stm32/stm32cubeide_1.7.0/stm32cubeide/plugins/com.st.stm32cube.ide.mcu.externaltools.gnu-tools-for-stm32.9-2020-q2-update.win32_2.0.0.202105311346/tools/bin/../lib/gcc/arm-none-eabi/9.3.1/../../../../arm-none-eabi/lib/thumb/v7-m/nofp/crt0.o (memset)

Allocating common symbols
Common symbol       size              file

htim4               0x48              ./Core/Src/main.o
uwTick              0x4               ./Drivers/STM32F1xx_HAL_Driver/Src/stm32f1xx_hal.o
pFlash              0x20              ./Drivers/STM32F1xx_HAL_Driver/Src/stm32f1xx_hal_flash.o
hadc1               0x30              ./Core/Src/main.o
hdma_adc1           0x44              ./Core/Src/main.o
sensor_calib        0xa               ./Core/Src/main.o
htim2               0x48              ./Core/Src/main.o
sensor_value        0xa               ./Core/Src/main.o

Discarded input sections

 .text          0x0000000000000000        0x0 d:/set stm32/stm32cubeide_1.7.0/stm32cubeide/plugins/com.st.stm32cube.ide.mcu.externaltools.gnu-tools-for-stm32.9-2020-q2-update.win32_2.0.0.202105311346/tools/bin/../lib/gcc/arm-none-eabi/9.3.1/thumb/v7-m/nofp/crti.o
 .data          0x0000000000000000        0x0 d:/set stm32/stm32cubeide_1.7.0/stm32cubeide/plugins/com.st.stm32cube.ide.mcu.externaltools.gnu-tools-for-stm32.9-2020-q2-update.win32_2.0.0.202105311346/tools/bin/../lib/gcc/arm-none-eabi/9.3.1/thumb/v7-m/nofp/crti.o
 .bss           0x0000000000000000        0x0 d:/set stm32/stm32cubeide_1.7.0/stm32cubeide/plugins/com.st.stm32cube.ide.mcu.externaltools.gnu-tools-for-stm32.9-2020-q2-update.win32_2.0.0.202105311346/tools/bin/../lib/gcc/arm-none-eabi/9.3.1/thumb/v7-m/nofp/crti.o
 .data          0x0000000000000000        0x4 d:/set stm32/stm32cubeide_1.7.0/stm32cubeide/plugins/com.st.stm32cube.ide.mcu.externaltools.gnu-tools-for-stm32.9-2020-q2-update.win32_2.0.0.202105311346/tools/bin/../lib/gcc/arm-none-eabi/9.3.1/thumb/v7-m/nofp/crtbegin.o
 .text          0x0000000000000000       0x7c d:/set stm32/stm32cubeide_1.7.0/stm32cubeide/plugins/com.st.stm32cube.ide.mcu.externaltools.gnu-tools-for-stm32.9-2020-q2-update.win32_2.0.0.202105311346/tools/bin/../lib/gcc/arm-none-eabi/9.3.1/../../../../arm-none-eabi/lib/thumb/v7-m/nofp/crt0.o
 .data          0x0000000000000000        0x0 d:/set stm32/stm32cubeide_1.7.0/stm32cubeide/plugins/com.st.stm32cube.ide.mcu.externaltools.gnu-tools-for-stm32.9-2020-q2-update.win32_2.0.0.202105311346/tools/bin/../lib/gcc/arm-none-eabi/9.3.1/../../../../arm-none-eabi/lib/thumb/v7-m/nofp/crt0.o
[...]
Memory Configuration

Name             Origin             Length             Attributes
RAM              0x0000000020000000 0x0000000000005000 xrw
FLASH            0x0000000008000000 0x0000000000010000 xr
*default*        0x0000000000000000 0xffffffffffffffff

Linker script and memory map

LOAD d:/set stm32/stm32cubeide_1.7.0/stm32cubeide/plugins/com.st.stm32cube.ide.mcu.externaltools.gnu-tools-for-stm32.9-2020-q2-update.win32_2.0.0.202105311346/tools/bin/../lib/gcc/arm-none-eabi/9.3.1/thumb/v7-m/nofp/crti.o
LOAD d:/set stm32/stm32cubeide_1.7.0/stm32cubeide/plugins/com.st.stm32cube.ide.mcu.externaltools.gnu-tools-for-stm32.9-2020-q2-update.win32_2.0.0.202105311346/tools/bin/../lib/gcc/arm-none-eabi/9.3.1/thumb/v7-m/nofp/crtbegin.o
LOAD d:/set stm32/stm32cubeide_1.7.0/stm32cubeide/plugins/com.st.stm32cube.ide.mcu.externaltools.gnu-tools-for-stm32.9-2020-q2-update.win32_2.0.0.202105311346/tools/bin/../lib/gcc/arm-none-eabi/9.3.1/../../../../arm-none-eabi/lib/thumb/v7-m/nofp/crt0.o
LOAD ./Core/Src/main.o
LOAD ./Core/Src/move_driver.o
LOAD ./Core/Src/software_timer.o
LOAD ./Core/Src/stm32f1xx_hal_msp.o
LOAD ./Core/Src/stm32f1xx_it.o
LOAD ./Core/Src/syscalls.o
LOAD ./Core/Src/sysmem.o
LOAD ./Core/Src/system_stm32f1xx.o
LOAD ./Core/Startup/startup_stm32f103c8tx.o
LOAD ./Drivers/STM32F1xx_HAL_Driver/Src/stm32f1xx_hal.o
LOAD ./Drivers/STM32F1xx_HAL_Driver/Src/stm32f1xx_hal_adc.o
LOAD ./Drivers/STM32F1xx_HAL_Driver/Src/stm32f1xx_hal_adc_ex.o
LOAD ./Drivers/STM32F1xx_HAL_Driver/Src/stm32f1xx_hal_cortex.o
LOAD ./Drivers/STM32F1xx_HAL_Driver/Src/stm32f1xx_hal_dma.o
LOAD ./Drivers/STM32F1xx_HAL_Driver/Src/stm32f1xx_hal_exti.o
LOAD ./Drivers/STM32F1xx_HAL_Driver/Src/stm32f1xx_hal_flash.o
LOAD ./Drivers/STM32F1xx_HAL_Driver/Src/stm32f1xx_hal_flash_ex.o
LOAD ./Drivers/STM32F1xx_HAL_Driver/Src/stm32f1xx_hal_gpio.o
LOAD ./Drivers/STM32F1xx_HAL_Driver/Src/stm32f1xx_hal_gpio_ex.o
LOAD ./Drivers/STM32F1xx_HAL_Driver/Src/stm32f1xx_hal_pwr.o
LOAD ./Drivers/STM32F1xx_HAL_Driver/Src/stm32f1xx_hal_rcc.o
LOAD ./Drivers/STM32F1xx_HAL_Driver/Src/stm32f1xx_hal_rcc_ex.o
LOAD ./Drivers/STM32F1xx_HAL_Driver/Src/stm32f1xx_hal_tim.o
LOAD ./Drivers/STM32F1xx_HAL_Driver/Src/stm32f1xx_hal_tim_ex.o
START GROUP
LOAD d:/set stm32/stm32cubeide_1.7.0/stm32cubeide/plugins/com.st.stm32cube.ide.mcu.externaltools.gnu-tools-for-stm32.9-2020-q2-update.win32_2.0.0.202105311346/tools/bin/../lib/gcc/arm-none-eabi/9.3.1/../../../../arm-none-eabi/lib/thumb/v7-m/nofp\libc_nano.a
LOAD d:/set stm32/stm32cubeide_1.7.0/stm32cubeide/plugins/com.st.stm32cube.ide.mcu.externaltools.gnu-tools-for-stm32.9-2020-q2-update.win32_2.0.0.202105311346/tools/bin/../lib/gcc/arm-none-eabi/9.3.1/../../../../arm-none-eabi/lib/thumb/v7-m/nofp\libm.a
END GROUP
START GROUP
LOAD d:/set stm32/stm32cubeide_1.7.0/stm32cubeide/plugins/com.st.stm32cube.ide.mcu.externaltools.gnu-tools-for-stm32.9-2020-q2-update.win32_2.0.0.202105311346/tools/bin/../lib/gcc/arm-none-eabi/9.3.1/thumb/v7-m/nofp\libgcc.a
LOAD d:/set stm32/stm32cubeide_1.7.0/stm32cubeide/plugins/com.st.stm32cube.ide.mcu.externaltools.gnu-tools-for-stm32.9-2020-q2-update.win32_2.0.0.202105311346/tools/bin/../lib/gcc/arm-none-eabi/9.3.1/../../../../arm-none-eabi/lib/thumb/v7-m/nofp\libc_nano.a
END GROUP
START GROUP
LOAD d:/set stm32/stm32cubeide_1.7.0/stm32cubeide/plugins/com.st.stm32cube.ide.mcu.externaltools.gnu-tools-for-stm32.9-2020-q2-update.win32_2.0.0.202105311346/tools/bin/../lib/gcc/arm-none-eabi/9.3.1/thumb/v7-m/nofp\libgcc.a
LOAD d:/set stm32/stm32cubeide_1.7.0/stm32cubeide/plugins/com.st.stm32cube.ide.mcu.externaltools.gnu-tools-for-stm32.9-2020-q2-update.win32_2.0.0.202105311346/tools/bin/../lib/gcc/arm-none-eabi/9.3.1/../../../../arm-none-eabi/lib/thumb/v7-m/nofp\libc_nano.a
LOAD d:/set stm32/stm32cubeide_1.7.0/stm32cubeide/plugins/com.st.stm32cube.ide.mcu.externaltools.gnu-tools-for-stm32.9-2020-q2-update.win32_2.0.0.202105311346/tools/bin/../lib/gcc/arm-none-eabi/9.3.1/../../../../arm-none-eabi/lib/thumb/v7-m/nofp\libnosys.a
END GROUP
START GROUP
LOAD d:/set stm32/stm32cubeide_1.7.0/stm32cubeide/plugins/com.st.stm32cube.ide.mcu.externaltools.gnu-tools-for-stm32.9-2020-q2-update.win32_2.0.0.202105311346/tools/bin/../lib/gcc/arm-none-eabi/9.3.1/thumb/v7-m/nofp\libgcc.a
LOAD d:/set stm32/stm32cubeide_1.7.0/stm32cubeide/plugins/com.st.stm32cube.ide.mcu.externaltools.gnu-tools-for-stm32.9-2020-q2-update.win32_2.0.0.202105311346/tools/bin/../lib/gcc/arm-none-eabi/9.3.1/../../../../arm-none-eabi/lib/thumb/v7-m/nofp\libc_nano.a
LOAD d:/set stm32/stm32cubeide_1.7.0/stm32cubeide/plugins/com.st.stm32cube.ide.mcu.externaltools.gnu-tools-for-stm32.9-2020-q2-update.win32_2.0.0.202105311346/tools/bin/../lib/gcc/arm-none-eabi/9.3.1/../../../../arm-none-eabi/lib/thumb/v7-m/nofp\libnosys.a
END GROUP
LOAD d:/set stm32/stm32cubeide_1.7.0/stm32cubeide/plugins/com.st.stm32cube.ide.mcu.externaltools.gnu-tools-for-stm32.9-2020-q2-update.win32_2.0.0.202105311346/tools/bin/../lib/gcc/arm-none-eabi/9.3.1/thumb/v7-m/nofp/crtend.o
LOAD d:/set stm32/stm32cubeide_1.7.0/stm32cubeide/plugins/com.st.stm32cube.ide.mcu.externaltools.gnu-tools-for-stm32.9-2020-q2-update.win32_2.0.0.202105311346/tools/bin/../lib/gcc/arm-none-eabi/9.3.1/thumb/v7-m/nofp/crtn.o
                0x0000000020005000                _estack = (ORIGIN (RAM) + LENGTH (RAM))
                0x0000000000000200                _Min_Heap_Size = 0x200
                0x0000000000000400                _Min_Stack_Size = 0x400

.isr_vector     0x0000000008000000      0x10c
                0x0000000008000000                . = ALIGN (0x4)
 *(.isr_vector)
 .isr_vector    0x0000000008000000      0x10c ./Core/Startup/startup_stm32f103c8tx.o
                0x0000000008000000                g_pfnVectors
                0x000000000800010c                . = ALIGN (0x4)

.text           0x000000000800010c     0x3ac8
                0x000000000800010c                . = ALIGN (0x4)
 *(.text)
 .text          0x000000000800010c       0x40 d:/set stm32/stm32cubeide_1.7.0/stm32cubeide/plugins/com.st.stm32cube.ide.mcu.externaltools.gnu-tools-for-stm32.9-2020-q2-update.win32_2.0.0.202105311346/tools/bin/../lib/gcc/arm-none-eabi/9.3.1/thumb/v7-m/nofp/crtbegin.o
 *(.text*)
 .text.main     0x000000000800014c       0x7c ./Core/Src/main.o
                0x000000000800014c                main
 .text.SystemClock_Config
                0x00000000080001c8       0xb6 ./Core/Src/main.o
                0x00000000080001c8                SystemClock_Config
 *fill*         0x000000000800027e        0x2 
 .text.MX_ADC1_Init
                0x0000000008000280       0xf0 ./Core/Src/main.o
 .text.MX_TIM2_Init
                0x0000000008000370       0x98 ./Core/Src/main.o
 .text.MX_TIM4_Init
                0x0000000008000408      0x12c ./Core/Src/main.o
 .text.MX_DMA_Init
                0x0000000008000534       0x3c ./Core/Src/main.o
 .text.MX_GPIO_Init
                0x0000000008000570       0xdc ./Core/Src/main.o
 .text.HAL_TIM_PeriodElapsedCallback
                0x000000000800064c       0x16 ./Core/Src/main.o
                0x000000000800064c                HAL_TIM_PeriodElapsedCallback
 *fill*         0x0000000008000662        0x2 
 .text.buttonScan
                0x0000000008000664       0x30 ./Core/Src/main.o
                0x0000000008000664                buttonScan
 .text.sensorScan
                0x0000000008000694       0x84 ./Core/Src/main.o
                0x0000000008000694                sensorScan
 .text.ledBlink
                0x0000000008000718       0x38 ./Core/Src/main.o
                0x0000000008000718                ledBlink
 .text.checkLine
                0x0000000008000750       0x48 ./Core/Src/main.o
                0x0000000008000750                checkLine
 .text.checkStatus
                0x0000000008000798       0x7c ./Core/Src/main.o
                0x0000000008000798                checkStatus
 .text.sensorCalib
                0x0000000008000814       0x3c ./Core/Src/main.o
                0x0000000008000814                sensorCalib
 .text.lineSet  0x0000000008000850      0x270 ./Core/Src/main.o
                0x0000000008000850                lineSet
 .text.Error_Handler
                0x0000000008000ac0        0xa ./Core/Src/main.o
                0x0000000008000ac0                Error_Handler
 *fill*         0x0000000008000aca        0x2 
 .text.setSpeed
                0x0000000008000acc       0x78 ./Core/Src/move_driver.o
                0x0000000008000acc                setSpeed
 .text.dc1Forward
                0x0000000008000b44       0x38 ./Core/Src/move_driver.o
                0x0000000008000b44                dc1Forward
 .text.dc1Backwards
                0x0000000008000b7c       0x38 ./Core/Src/move_driver.o
                0x0000000008000b7c                dc1Backwards
 .text.dc1Stop  0x0000000008000bb4       0x24 ./Core/Src/move_driver.o
                0x0000000008000bb4                dc1Stop
 .text.dc2Forward
                0x0000000008000bd8       0x38 ./Core/Src/move_driver.o
                0x0000000008000bd8                dc2Forward
 .text.dc2Backwards
                0x0000000008000c10       0x38 ./Core/Src/move_driver.o
                0x0000000008000c10                dc2Backwards
 .text.dc2Stop  0x0000000008000c48       0x24 ./Core/Src/move_driver.o
                0x0000000008000c48                dc2Stop
 .text.dc3Forward
                0x0000000008000c6c       0x38 ./Core/Src/move_driver.o
                0x0000000008000c6c                dc3Forward
 .text.dc3Backwards
                0x0000000008000ca4       0x38 ./Core/Src/move_driver.o
                0x0000000008000ca4                dc3Backwards
 .text.dc3Stop  0x0000000008000cdc       0x24 ./Core/Src/move_driver.o
                0x0000000008000cdc                dc3Stop
 .text.dc4Forward
                0x0000000008000d00       0x38 ./Core/Src/move_driver.o
                0x0000000008000d00                dc4Forward
 .text.dc4Backwards
                0x0000000008000d38       0x38 ./Core/Src/move_driver.o
                0x0000000008000d38                dc4Backwards
 .text.dc4Stop  0x0000000008000d70       0x24 ./Core/Src/move_driver.o
                0x0000000008000d70                dc4Stop
 .text.stop     0x0000000008000d94       0x18 ./Core/Src/move_driver.o
                0x0000000008000d94                stop
 .text.forward  0x0000000008000dac       0x20 ./Core/Src/move_driver.o
                0x0000000008000dac                forward
 .text.backwards
                0x0000000008000dcc       0x20 ./Core/Src/move_driver.o
                0x0000000008000dcc                backwards
 .text.right    0x0000000008000dec       0x20 ./Core/Src/move_driver.o
                0x0000000008000dec                right
 .text.left     0x0000000008000e0c       0x20 ./Core/Src/move_driver.o
                0x0000000008000e0c                left
 .text.setTimer
                0x0000000008000e2c       0x30 ./Core/Src/software_timer.o
                0x0000000008000e2c                setTimer
 .text.timerRun
                0x0000000008000e5c       0x50 ./Core/Src/software_timer.o
                0x0000000008000e5c                timerRun
 .text.HAL_MspInit
                0x0000000008000eac       0x64 ./Core/Src/stm32f1xx_hal_msp.o
                0x0000000008000eac                HAL_MspInit
 .text.HAL_ADC_MspInit
                0x0000000008000f10       0xd0 ./Core/Src/stm32f1xx_hal_msp.o
                0x0000000008000f10                HAL_ADC_MspInit
 .text.HAL_TIM_Base_MspInit
                0x0000000008000fe0       0x70 ./Core/Src/stm32f1xx_hal_msp.o
                0x0000000008000fe0                HAL_TIM_Base_MspInit
 .text.HAL_TIM_MspPostInit
                0x0000000008001050       0x68 ./Core/Src/stm32f1xx_hal_msp.o
                0x0000000008001050                HAL_TIM_MspPostInit
 .text.NMI_Handler
                0x00000000080010b8        0x6 ./Core/Src/stm32f1xx_it.o
                0x00000000080010b8                NMI_Handler
 .text.HardFault_Handler
                0x00000000080010be        0x6 ./Core/Src/stm32f1xx_it.o
                0x00000000080010be                HardFault_Handler
 .text.MemManage_Handler
                0x00000000080010c4        0x6 ./Core/Src/stm32f1xx_it.o
                0x00000000080010c4                MemManage_Handler
 .text.BusFault_Handler
                0x00000000080010ca        0x6 ./Core/Src/stm32f1xx_it.o
                0x00000000080010ca                BusFault_Handler
 .text.UsageFault_Handler
                0x00000000080010d0        0x6 ./Core/Src/stm32f1xx_it.o
                0x00000000080010d0                UsageFault_Handler
 .text.SVC_Handler
                0x00000000080010d6        0xc ./Core/Src/stm32f1xx_it.o
                0x00000000080010d6                SVC_Handler
 .text.DebugMon_Handler
                0x00000000080010e2        0xc ./Core/Src/stm32f1xx_it.o
                0x00000000080010e2                DebugMon_Handler
 .text.PendSV_Handler
                0x00000000080010ee        0xc ./Core/Src/stm32f1xx_it.o
                0x00000000080010ee                PendSV_Handler
 .text.SysTick_Handler
                0x00000000080010fa        0xc ./Core/Src/stm32f1xx_it.o
                0x00000000080010fa                SysTick_Handler
 *fill*         0x0000000008001106        0x2 
 .text.DMA1_Channel1_IRQHandler
                0x0000000008001108       0x14 ./Core/Src/stm32f1xx_it.o
                0x0000000008001108                DMA1_Channel1_IRQHandler
 .text.TIM2_IRQHandler
                0x000000000800111c       0x14 ./Core/Src/stm32f1xx_it.o
                0x000000000800111c                TIM2_IRQHandler
 .text.SystemInit
                0x0000000008001130        0xc ./Core/Src/system_stm32f1xx.o
                0x0000000008001130                SystemInit
 .text.Reset_Handler
                0x000000000800113c       0x48 ./Core/Startup/startup_stm32f103c8tx.o
                0x000000000800113c                Reset_Handler
 .text.Default_Handler
                0x0000000008001184        0x2 ./Core/Startup/startup_stm32f103c8tx.o
                0x0000000008001184                RTC_Alarm_IRQHandler
                0x0000000008001184                EXTI2_IRQHandler
                0x0000000008001184                TIM1_CC_IRQHandler
                0x0000000008001184                PVD_IRQHandler
                0x0000000008001184                EXTI3_IRQHandler
                0x0000000008001184                EXTI0_IRQHandler
                0x0000000008001184                I2C2_EV_IRQHandler
                0x0000000008001184                ADC1_2_IRQHandler
                0x0000000008001184                SPI1_IRQHandler
                0x0000000008001184                TAMPER_IRQHandler
                0x0000000008001184                DMA1_Channel4_IRQHandler
                0x0000000008001184                USART3_IRQHandler
                0x0000000008001184                RTC_IRQHandler
                0x0000000008001184                DMA1_Channel7_IRQHandler
                0x0000000008001184                CAN1_RX1_IRQHandler
                0x0000000008001184                TIM4_IRQHandler
                0x0000000008001184                I2C1_EV_IRQHandler
                0x0000000008001184                DMA1_Channel6_IRQHandler
                0x0000000008001184                TIM3_IRQHandler
                0x0000000008001184                RCC_IRQHandler
                0x0000000008001184                TIM1_TRG_COM_IRQHandler
                0x0000000008001184                Default_Handler
                0x0000000008001184                EXTI15_10_IRQHandler
                0x0000000008001184                EXTI9_5_IRQHandler
                0x0000000008001184                SPI2_IRQHandler
                0x0000000008001184                DMA1_Channel5_IRQHandler
                0x0000000008001184                EXTI4_IRQHandler
                0x0000000008001184                USB_LP_CAN1_RX0_IRQHandler
                0x0000000008001184                USB_HP_CAN1_TX_IRQHandler
                0x0000000008001184                DMA1_Channel3_IRQHandler
                0x0000000008001184                TIM1_UP_IRQHandler
                0x0000000008001184                WWDG_IRQHandler
                0x0000000008001184                TIM1_BRK_IRQHandler
                0x0000000008001184                EXTI1_IRQHandler
                0x0000000008001184                USART2_IRQHandler
                0x0000000008001184                I2C2_ER_IRQHandler
                0x0000000008001184                DMA1_Channel2_IRQHandler
                0x0000000008001184                CAN1_SCE_IRQHandler
                0x0000000008001184                FLASH_IRQHandler
                0x0000000008001184                USART1_IRQHandler
                0x0000000008001184                I2C1_ER_IRQHandler
                0x0000000008001184                USBWakeUp_IRQHandler
 *fill*         0x0000000008001186        0x2 
 .text.HAL_Init
                0x0000000008001188       0x2c ./Drivers/STM32F1xx_HAL_Driver/Src/stm32f1xx_hal.o
                0x0000000008001188                HAL_Init
 .text.HAL_InitTick
                0x00000000080011b4       0x60 ./Drivers/STM32F1xx_HAL_Driver/Src/stm32f1xx_hal.o
                0x00000000080011b4                HAL_InitTick
 .text.HAL_IncTick
                0x0000000008001214       0x24 ./Drivers/STM32F1xx_HAL_Driver/Src/stm32f1xx_hal.o
                0x0000000008001214                HAL_IncTick
 .text.HAL_GetTick
                0x0000000008001238       0x14 ./Drivers/STM32F1xx_HAL_Driver/Src/stm32f1xx_hal.o
                0x0000000008001238                HAL_GetTick
 .text.HAL_ADC_Init
                0x000000000800124c      0x1b0 ./Drivers/STM32F1xx_HAL_Driver/Src/stm32f1xx_hal_adc.o
                0x000000000800124c                HAL_ADC_Init
 .text.HAL_ADC_Start_DMA
                0x00000000080013fc      0x1bc ./Drivers/STM32F1xx_HAL_Driver/Src/stm32f1xx_hal_adc.o
                0x00000000080013fc                HAL_ADC_Start_DMA
 .text.HAL_ADC_ConvCpltCallback
                0x00000000080015b8       0x12 ./Drivers/STM32F1xx_HAL_Driver/Src/stm32f1xx_hal_adc.o
                0x00000000080015b8                HAL_ADC_ConvCpltCallback
 .text.HAL_ADC_ConvHalfCpltCallback
                0x00000000080015ca       0x12 ./Drivers/STM32F1xx_HAL_Driver/Src/stm32f1xx_hal_adc.o
                0x00000000080015ca                HAL_ADC_ConvHalfCpltCallback
 .text.HAL_ADC_ErrorCallback
                0x00000000080015dc       0x12 ./Drivers/STM32F1xx_HAL_Driver/Src/stm32f1xx_hal_adc.o
                0x00000000080015dc                HAL_ADC_ErrorCallback
 *fill*         0x00000000080015ee        0x2 
 .text.HAL_ADC_ConfigChannel
                0x00000000080015f0      0x1f0 ./Drivers/STM32F1xx_HAL_Driver/Src/stm32f1xx_hal_adc.o
                0x00000000080015f0                HAL_ADC_ConfigChannel
 .text.ADC_Enable
                0x00000000080017e0       0xb4 ./Drivers/STM32F1xx_HAL_Driver/Src/stm32f1xx_hal_adc.o
                0x00000000080017e0                ADC_Enable
 .text.ADC_ConversionStop_Disable
                0x0000000008001894       0x82 ./Drivers/STM32F1xx_HAL_Driver/Src/stm32f1xx_hal_adc.o
                0x0000000008001894                ADC_ConversionStop_Disable
 .text.ADC_DMAConvCplt
                0x0000000008001916       0x7c ./Drivers/STM32F1xx_HAL_Driver/Src/stm32f1xx_hal_adc.o
                0x0000000008001916                ADC_DMAConvCplt
 .text.ADC_DMAHalfConvCplt
                0x0000000008001992       0x1c ./Drivers/STM32F1xx_HAL_Driver/Src/stm32f1xx_hal_adc.o
                0x0000000008001992                ADC_DMAHalfConvCplt
 .text.ADC_DMAError
                0x00000000080019ae       0x34 ./Drivers/STM32F1xx_HAL_Driver/Src/stm32f1xx_hal_adc.o
                0x00000000080019ae                ADC_DMAError
 *fill*         0x00000000080019e2        0x2 
 .text.__NVIC_SetPriorityGrouping
                0x00000000080019e4       0x48 ./Drivers/STM32F1xx_HAL_Driver/Src/stm32f1xx_hal_cortex.o
 .text.__NVIC_GetPriorityGrouping
                0x0000000008001a2c       0x1c ./Drivers/STM32F1xx_HAL_Driver/Src/stm32f1xx_hal_cortex.o
 .text.__NVIC_EnableIRQ
                0x0000000008001a48       0x38 ./Drivers/STM32F1xx_HAL_Driver/Src/stm32f1xx_hal_cortex.o
 .text.__NVIC_SetPriority
                0x0000000008001a80       0x54 ./Drivers/STM32F1xx_HAL_Driver/Src/stm32f1xx_hal_cortex.o
 .text.NVIC_EncodePriority
                0x0000000008001ad4       0x64 ./Drivers/STM32F1xx_HAL_Driver/Src/stm32f1xx_hal_cortex.o
 .text.SysTick_Config
                0x0000000008001b38       0x44 ./Drivers/STM32F1xx_HAL_Driver/Src/stm32f1xx_hal_cortex.o
 .text.HAL_NVIC_SetPriorityGrouping
                0x0000000008001b7c       0x16 ./Drivers/STM32F1xx_HAL_Driver/Src/stm32f1xx_hal_cortex.o
                0x0000000008001b7c                HAL_NVIC_SetPriorityGrouping
 .text.HAL_NVIC_SetPriority
                0x0000000008001b92       0x38 ./Drivers/STM32F1xx_HAL_Driver/Src/stm32f1xx_hal_cortex.o
                0x0000000008001b92                HAL_NVIC_SetPriority
 .text.HAL_NVIC_EnableIRQ
                0x0000000008001bca       0x1c ./Drivers/STM32F1xx_HAL_Driver/Src/stm32f1xx_hal_cortex.o
                0x0000000008001bca                HAL_NVIC_EnableIRQ
 .text.HAL_SYSTICK_Config
                0x0000000008001be6       0x18 ./Drivers/STM32F1xx_HAL_Driver/Src/stm32f1xx_hal_cortex.o
                0x0000000008001be6                HAL_SYSTICK_Config
 *fill*         0x0000000008001bfe        0x2 
 .text.HAL_DMA_Init
                0x0000000008001c00       0xb4 ./Drivers/STM32F1xx_HAL_Driver/Src/stm32f1xx_hal_dma.o
                0x0000000008001c00                HAL_DMA_Init
 .text.HAL_DMA_Start_IT
                0x0000000008001cb4       0xc0 ./Drivers/STM32F1xx_HAL_Driver/Src/stm32f1xx_hal_dma.o
                0x0000000008001cb4                HAL_DMA_Start_IT
 .text.HAL_DMA_IRQHandler
                0x0000000008001d74      0x20c ./Drivers/STM32F1xx_HAL_Driver/Src/stm32f1xx_hal_dma.o
                0x0000000008001d74                HAL_DMA_IRQHandler
 .text.DMA_SetConfig
                0x0000000008001f80       0x5a ./Drivers/STM32F1xx_HAL_Driver/Src/stm32f1xx_hal_dma.o
 *fill*         0x0000000008001fda        0x2 
 .text.HAL_GPIO_Init
                0x0000000008001fdc      0x308 ./Drivers/STM32F1xx_HAL_Driver/Src/stm32f1xx_hal_gpio.o
                0x0000000008001fdc                HAL_GPIO_Init
 .text.HAL_GPIO_ReadPin
                0x00000000080022e4       0x2e ./Drivers/STM32F1xx_HAL_Driver/Src/stm32f1xx_hal_gpio.o
                0x00000000080022e4                HAL_GPIO_ReadPin
 .text.HAL_GPIO_WritePin
                0x0000000008002312       0x30 ./Drivers/STM32F1xx_HAL_Driver/Src/stm32f1xx_hal_gpio.o
                0x0000000008002312                HAL_GPIO_WritePin
 .text.HAL_GPIO_TogglePin
                0x0000000008002342       0x32 ./Drivers/STM32F1xx_HAL_Driver/Src/stm32f1xx_hal_gpio.o
                0x0000000008002342                HAL_GPIO_TogglePin
 .text.HAL_RCC_OscConfig
                0x0000000008002374      0x500 ./Drivers/STM32F1xx_HAL_Driver/Src/stm32f1xx_hal_rcc.o
                0x0000000008002374                HAL_RCC_OscConfig
 .text.HAL_RCC_ClockConfig
                0x0000000008002874      0x1d4 ./Drivers/STM32F1xx_HAL_Driver/Src/stm32f1xx_hal_rcc.o
                0x0000000008002874                HAL_RCC_ClockConfig
 .text.HAL_RCC_GetSysClockFreq
                0x0000000008002a48       0xa8 ./Drivers/STM32F1xx_HAL_Driver/Src/stm32f1xx_hal_rcc.o
                0x0000000008002a48                HAL_RCC_GetSysClockFreq
 .text.RCC_Delay
                0x0000000008002af0       0x3c ./Drivers/STM32F1xx_HAL_Driver/Src/stm32f1xx_hal_rcc.o
 .text.HAL_RCCEx_PeriphCLKConfig
                0x0000000008002b2c      0x16c ./Drivers/STM32F1xx_HAL_Driver/Src/stm32f1xx_hal_rcc_ex.o
                0x0000000008002b2c                HAL_RCCEx_PeriphCLKConfig
 .text.HAL_TIM_Base_Init
                0x0000000008002c98       0x9e ./Drivers/STM32F1xx_HAL_Driver/Src/stm32f1xx_hal_tim.o
                0x0000000008002c98                HAL_TIM_Base_Init
 *fill*         0x0000000008002d36        0x2 
 .text.HAL_TIM_Base_Start_IT
                0x0000000008002d38       0xa4 ./Drivers/STM32F1xx_HAL_Driver/Src/stm32f1xx_hal_tim.o
                0x0000000008002d38                HAL_TIM_Base_Start_IT
 .text.HAL_TIM_PWM_Init
                0x0000000008002ddc       0x9e ./Drivers/STM32F1xx_HAL_Driver/Src/stm32f1xx_hal_tim.o
                0x0000000008002ddc                HAL_TIM_PWM_Init
 .text.HAL_TIM_PWM_MspInit
                0x0000000008002e7a       0x12 ./Drivers/STM32F1xx_HAL_Driver/Src/stm32f1xx_hal_tim.o
                0x0000000008002e7a                HAL_TIM_PWM_MspInit
 .text.HAL_TIM_PWM_Start
                0x0000000008002e8c      0x144 ./Drivers/STM32F1xx_HAL_Driver/Src/stm32f1xx_hal_tim.o
                0x0000000008002e8c                HAL_TIM_PWM_Start
 .text.HAL_TIM_IRQHandler
                0x0000000008002fd0      0x210 ./Drivers/STM32F1xx_HAL_Driver/Src/stm32f1xx_hal_tim.o
                0x0000000008002fd0                HAL_TIM_IRQHandler
 .text.HAL_TIM_PWM_ConfigChannel
                0x00000000080031e0      0x184 ./Drivers/STM32F1xx_HAL_Driver/Src/stm32f1xx_hal_tim.o
                0x00000000080031e0                HAL_TIM_PWM_ConfigChannel
 .text.HAL_TIM_ConfigClockSource
                0x0000000008003364      0x18e ./Drivers/STM32F1xx_HAL_Driver/Src/stm32f1xx_hal_tim.o
                0x0000000008003364                HAL_TIM_ConfigClockSource
 .text.HAL_TIM_OC_DelayElapsedCallback
                0x00000000080034f2       0x12 ./Drivers/STM32F1xx_HAL_Driver/Src/stm32f1xx_hal_tim.o
                0x00000000080034f2                HAL_TIM_OC_DelayElapsedCallback
 .text.HAL_TIM_IC_CaptureCallback
                0x0000000008003504       0x12 ./Drivers/STM32F1xx_HAL_Driver/Src/stm32f1xx_hal_tim.o
                0x0000000008003504                HAL_TIM_IC_CaptureCallback
 .text.HAL_TIM_PWM_PulseFinishedCallback
                0x0000000008003516       0x12 ./Drivers/STM32F1xx_HAL_Driver/Src/stm32f1xx_hal_tim.o
                0x0000000008003516                HAL_TIM_PWM_PulseFinishedCallback
 .text.HAL_TIM_TriggerCallback
                0x0000000008003528       0x12 ./Drivers/STM32F1xx_HAL_Driver/Src/stm32f1xx_hal_tim.o
                0x0000000008003528                HAL_TIM_TriggerCallback
 *fill*         0x000000000800353a        0x2 
 .text.TIM_Base_SetConfig
                0x000000000800353c       0xc4 ./Drivers/STM32F1xx_HAL_Driver/Src/stm32f1xx_hal_tim.o
                0x000000000800353c                TIM_Base_SetConfig
 .text.TIM_OC1_SetConfig
                0x0000000008003600       0xcc ./Drivers/STM32F1xx_HAL_Driver/Src/stm32f1xx_hal_tim.o
 .text.TIM_OC2_SetConfig
                0x00000000080036cc       0xd4 ./Drivers/STM32F1xx_HAL_Driver/Src/stm32f1xx_hal_tim.o
                0x00000000080036cc                TIM_OC2_SetConfig
 .text.TIM_OC3_SetConfig
                0x00000000080037a0       0xd4 ./Drivers/STM32F1xx_HAL_Driver/Src/stm32f1xx_hal_tim.o
 .text.TIM_OC4_SetConfig
                0x0000000008003874       0x9c ./Drivers/STM32F1xx_HAL_Driver/Src/stm32f1xx_hal_tim.o
 .text.TIM_TI1_ConfigInputStage
                0x0000000008003910       0x5c ./Drivers/STM32F1xx_HAL_Driver/Src/stm32f1xx_hal_tim.o
 .text.TIM_TI2_ConfigInputStage
                0x000000000800396c       0x5e ./Drivers/STM32F1xx_HAL_Driver/Src/stm32f1xx_hal_tim.o
 .text.TIM_ITRx_SetConfig
                0x00000000080039ca       0x34 ./Drivers/STM32F1xx_HAL_Driver/Src/stm32f1xx_hal_tim.o
 .text.TIM_ETR_SetConfig
                0x00000000080039fe       0x3e ./Drivers/STM32F1xx_HAL_Driver/Src/stm32f1xx_hal_tim.o
                0x00000000080039fe                TIM_ETR_SetConfig
 .text.TIM_CCxChannelCmd
                0x0000000008003a3c       0x48 ./Drivers/STM32F1xx_HAL_Driver/Src/stm32f1xx_hal_tim.o
                0x0000000008003a3c                TIM_CCxChannelCmd
 .text.HAL_TIMEx_MasterConfigSynchronization
                0x0000000008003a84       0xbc ./Drivers/STM32F1xx_HAL_Driver/Src/stm32f1xx_hal_tim_ex.o
                0x0000000008003a84                HAL_TIMEx_MasterConfigSynchronization
 .text.HAL_TIMEx_CommutCallback
                0x0000000008003b40       0x12 ./Drivers/STM32F1xx_HAL_Driver/Src/stm32f1xx_hal_tim_ex.o
                0x0000000008003b40                HAL_TIMEx_CommutCallback
 .text.HAL_TIMEx_BreakCallback
                0x0000000008003b52       0x12 ./Drivers/STM32F1xx_HAL_Driver/Src/stm32f1xx_hal_tim_ex.o
                0x0000000008003b52                HAL_TIMEx_BreakCallback
 .text.__libc_init_array
                0x0000000008003b64       0x48 d:/set stm32/stm32cubeide_1.7.0/stm32cubeide/plugins/com.st.stm32cube.ide.mcu.externaltools.gnu-tools-for-stm32.9-2020-q2-update.win32_2.0.0.202105311346/tools/bin/../lib/gcc/arm-none-eabi/9.3.1/../../../../arm-none-eabi/lib/thumb/v7-m/nofp\libc_nano.a(lib_a-init.o)
                0x0000000008003b64                __libc_init_array
 .text.memset   0x0000000008003bac       0x10 d:/set stm32/stm32cubeide_1.7.0/stm32cubeide/plugins/com.st.stm32cube.ide.mcu.externaltools.gnu-tools-for-stm32.9-2020-q2-update.win32_2.0.0.202105311346/tools/bin/../lib/gcc/arm-none-eabi/9.3.1/../../../../arm-none-eabi/lib/thumb/v7-m/nofp\libc_nano.a(lib_a-memset.o)
                0x0000000008003bac                memset
 *(.glue_7)
 .glue_7        0x0000000008003bbc        0x0 linker stubs
 *(.glue_7t)
 .glue_7t       0x0000000008003bbc        0x0 linker stubs
 *(.eh_frame)
 .eh_frame      0x0000000008003bbc        0x0 d:/set stm32/stm32cubeide_1.7.0/stm32cubeide/plugins/com.st.stm32cube.ide.mcu.externaltools.gnu-tools-for-stm32.9-2020-q2-update.win32_2.0.0.202105311346/tools/bin/../lib/gcc/arm-none-eabi/9.3.1/thumb/v7-m/nofp/crtbegin.o
 *(.init)
 .init          0x0000000008003bbc        0x4 d:/set stm32/stm32cubeide_1.7.0/stm32cubeide/plugins/com.st.stm32cube.ide.mcu.externaltools.gnu-tools-for-stm32.9-2020-q2-update.win32_2.0.0.202105311346/tools/bin/../lib/gcc/arm-none-eabi/9.3.1/thumb/v7-m/nofp/crti.o
                0x0000000008003bbc                _init
 .init          0x0000000008003bc0        0x8 d:/set stm32/stm32cubeide_1.7.0/stm32cubeide/plugins/com.st.stm32cube.ide.mcu.externaltools.gnu-tools-for-stm32.9-2020-q2-update.win32_2.0.0.202105311346/tools/bin/../lib/gcc/arm-none-eabi/9.3.1/thumb/v7-m/nofp/crtn.o
 *(.fini)
 .fini          0x0000000008003bc8        0x4 d:/set stm32/stm32cubeide_1.7.0/stm32cubeide/plugins/com.st.stm32cube.ide.mcu.externaltools.gnu-tools-for-stm32.9-2020-q2-update.win32_2.0.0.202105311346/tools/bin/../lib/gcc/arm-none-eabi/9.3.1/thumb/v7-m/nofp/crti.o
                0x0000000008003bc8                _fini
 .fini          0x0000000008003bcc        0x8 d:/set stm32/stm32cubeide_1.7.0/stm32cubeide/plugins/com.st.stm32cube.ide.mcu.externaltools.gnu-tools-for-stm32.9-2020-q2-update.win32_2.0.0.202105311346/tools/bin/../lib/gcc/arm-none-eabi/9.3.1/thumb/v7-m/nofp/crtn.o
                0x0000000008003bd4                . = ALIGN (0x4)
                0x0000000008003bd4                _etext = .

.vfp11_veneer   0x0000000008003bd4        0x0
 .vfp11_veneer  0x0000000008003bd4        0x0 linker stubs

.v4_bx          0x0000000008003bd4        0x0
 .v4_bx         0x0000000008003bd4        0x0 linker stubs

.iplt           0x0000000008003bd4        0x0
 .iplt          0x0000000008003bd4        0x0 d:/set stm32/stm32cubeide_1.7.0/stm32cubeide/plugins/com.st.stm32cube.ide.mcu.externaltools.gnu-tools-for-stm32.9-2020-q2-update.win32_2.0.0.202105311346/tools/bin/../lib/gcc/arm-none-eabi/9.3.1/thumb/v7-m/nofp/crtbegin.o

.rodata         0x0000000008003bd4       0x24
                0x0000000008003bd4                . = ALIGN (0x4)
 *(.rodata)
 *(.rodata*)
 .rodata.AHBPrescTable
                0x0000000008003bd4       0x10 ./Core/Src/system_stm32f1xx.o
                0x0000000008003bd4                AHBPrescTable
 .rodata.aPLLMULFactorTable.6175
                0x0000000008003be4       0x10 ./Drivers/STM32F1xx_HAL_Driver/Src/stm32f1xx_hal_rcc.o
 .rodata.aPredivFactorTable.6176
                0x0000000008003bf4        0x2 ./Drivers/STM32F1xx_HAL_Driver/Src/stm32f1xx_hal_rcc.o
                0x0000000008003bf8                . = ALIGN (0x4)
 *fill*         0x0000000008003bf6        0x2 

.rel.dyn        0x0000000008003bf8        0x0
 .rel.iplt      0x0000000008003bf8        0x0 d:/set stm32/stm32cubeide_1.7.0/stm32cubeide/plugins/com.st.stm32cube.ide.mcu.externaltools.gnu-tools-for-stm32.9-2020-q2-update.win32_2.0.0.202105311346/tools/bin/../lib/gcc/arm-none-eabi/9.3.1/thumb/v7-m/nofp/crtbegin.o

.ARM.extab      0x0000000008003bf8        0x0
                0x0000000008003bf8                . = ALIGN (0x4)
 *(.ARM.extab* .gnu.linkonce.armextab.*)
                0x0000000008003bf8                . = ALIGN (0x4)

.ARM            0x0000000008003bf8        0x0
                0x0000000008003bf8                . = ALIGN (0x4)
                0x0000000008003bf8                __exidx_start = .
 *(.ARM.exidx*)
                0x0000000008003bf8                __exidx_end = .
                0x0000000008003bf8                . = ALIGN (0x4)

.preinit_array  0x0000000008003bf8        0x0
                0x0000000008003bf8                . = ALIGN (0x4)
                0x0000000008003bf8                PROVIDE (__preinit_array_start = .)
 *(.preinit_array*)
                0x0000000008003bf8                PROVIDE (__preinit_array_end = .)
                0x0000000008003bf8                . = ALIGN (0x4)

.init_array     0x0000000008003bf8        0x4
                0x0000000008003bf8                . = ALIGN (0x4)
                0x0000000008003bf8                PROVIDE (__init_array_start = .)
 *(SORT_BY_NAME(.init_array.*))
 *(.init_array*)
 .init_array    0x0000000008003bf8        0x4 d:/set stm32/stm32cubeide_1.7.0/stm32cubeide/plugins/com.st.stm32cube.ide.mcu.externaltools.gnu-tools-for-stm32.9-2020-q2-update.win32_2.0.0.202105311346/tools/bin/../lib/gcc/arm-none-eabi/9.3.1/thumb/v7-m/nofp/crtbegin.o
                0x0000000008003bfc                PROVIDE (__init_array_end = .)
                0x0000000008003bfc                . = ALIGN (0x4)

.fini_array     0x0000000008003bfc        0x4
                0x0000000008003bfc                . = ALIGN (0x4)
                [!provide]                        PROVIDE (__fini_array_start = .)
 *(SORT_BY_NAME(.fini_array.*))
 *(.fini_array*)
 .fini_array    0x0000000008003bfc        0x4 d:/set stm32/stm32cubeide_1.7.0/stm32cubeide/plugins/com.st.stm32cube.ide.mcu.externaltools.gnu-tools-for-stm32.9-2020-q2-update.win32_2.0.0.202105311346/tools/bin/../lib/gcc/arm-none-eabi/9.3.1/thumb/v7-m/nofp/crtbegin.o
                [!provide]                        PROVIDE (__fini_array_end = .)
                0x0000000008003c00                . = ALIGN (0x4)
                0x0000000008003c00                _sidata = LOADADDR (.data)

.data           0x0000000020000000       0x48 load address 0x0000000008003c00
                0x0000000020000000                . = ALIGN (0x4)
                0x0000000020000000                _sdata = .
 *(.data)
 *(.data*)
 .data.status   0x0000000020000000        0x1 ./Core/Src/main.o
                0x0000000020000000                status
 *fill*         0x0000000020000001        0x3 
 .data.arr      0x0000000020000004       0x32 ./Core/Src/main.o
                0x0000000020000004                arr
 *fill*         0x0000000020000036        0x2 
 .data.led_cycle
                0x0000000020000038        0x4 ./Core/Src/main.o
                0x0000000020000038                led_cycle
 .data.SystemCoreClock
                0x000000002000003c        0x4 ./Core/Src/system_stm32f1xx.o
                0x000000002000003c                SystemCoreClock
 .data.uwTickPrio
                0x0000000020000040        0x4 ./Drivers/STM32F1xx_HAL_Driver/Src/stm32f1xx_hal.o
                0x0000000020000040                uwTickPrio
 .data.uwTickFreq
                0x0000000020000044        0x1 ./Drivers/STM32F1xx_HAL_Driver/Src/stm32f1xx_hal.o
                0x0000000020000044                uwTickFreq
 *(.RamFunc)
 *(.RamFunc*)
                0x0000000020000048                . = ALIGN (0x4)
 *fill*         0x0000000020000045        0x3 
                0x0000000020000048                _edata = .

.igot.plt       0x0000000020000048        0x0 load address 0x0000000008003c48
 .igot.plt      0x0000000020000048        0x0 d:/set stm32/stm32cubeide_1.7.0/stm32cubeide/plugins/com.st.stm32cube.ide.mcu.externaltools.gnu-tools-for-stm32.9-2020-q2-update.win32_2.0.0.202105311346/tools/bin/../lib/gcc/arm-none-eabi/9.3.1/thumb/v7-m/nofp/crtbegin.o
                0x0000000020000048                . = ALIGN (0x4)

.bss            0x0000000020000048      0x1f0 load address 0x0000000008003c48
                0x0000000020000048                _sbss = .
                0x0000000020000048                __bss_start__ = _sbss
 *(.bss)
 .bss           0x0000000020000048       0x1c d:/set stm32/stm32cubeide_1.7.0/stm32cubeide/plugins/com.st.stm32cube.ide.mcu.externaltools.gnu-tools-for-stm32.9-2020-q2-update.win32_2.0.0.202105311346/tools/bin/../lib/gcc/arm-none-eabi/9.3.1/thumb/v7-m/nofp/crtbegin.o
 *(.bss*)
 .bss.count     0x0000000020000064        0x1 ./Core/Src/main.o
                0x0000000020000064                count
 .bss.index     0x0000000020000065        0x1 ./Core/Src/main.o
                0x0000000020000065                index
 *fill*         0x0000000020000066        0x2 
 .bss.sensor_buffer
                0x0000000020000068        0x4 ./Core/Src/main.o
                0x0000000020000068                sensor_buffer
 .bss.led_count
                0x000000002000006c        0x4 ./Core/Src/main.o
                0x000000002000006c                led_count
 .bss.button_count
                0x0000000020000070        0x4 ./Core/Src/main.o
                0x0000000020000070                button_count
 .bss.speed_duty_cycle
                0x0000000020000074        0x1 ./Core/Src/move_driver.o
                0x0000000020000074                speed_duty_cycle
 *fill*         0x0000000020000075        0x3 
 .bss.timer_counter
                0x0000000020000078       0x50 ./Core/Src/software_timer.o
                0x0000000020000078                timer_counter
 .bss.timer_flag
                0x00000000200000c8       0x50 ./Core/Src/software_timer.o
                0x00000000200000c8                timer_flag
 *(COMMON)
 COMMON         0x0000000020000118      0x11a ./Core/Src/main.o
                0x0000000020000118                htim4
                0x0000000020000160                hadc1
                0x0000000020000190                hdma_adc1
                0x00000000200001d4                sensor_calib
                0x00000000200001e0                htim2
                0x0000000020000228                sensor_value
 *fill*         0x0000000020000232        0x2 
 COMMON         0x0000000020000234        0x4 ./Drivers/STM32F1xx_HAL_Driver/Src/stm32f1xx_hal.o
                0x0000000020000234                uwTick
                0x0000000020000238                . = ALIGN (0x4)
                0x0000000020000238                _ebss = .
                0x0000000020000238                __bss_end__ = _ebss

._user_heap_stack
                0x0000000020000238      0x600 load address 0x0000000008003c48
                0x0000000020000238                . = ALIGN (0x8)
                [!provide]                        PROVIDE (end = .)
                0x0000000020000238                PROVIDE (_end = .)
                0x0000000020000438                . = (. + _Min_Heap_Size)
 *fill*         0x0000000020000238      0x200 
                0x0000000020000838                . = (. + _Min_Stack_Size)
 *fill*         0x0000000020000438      0x400 
                0x0000000020000838                . = ALIGN (0x8)

/DISCARD/
 libc.a(*)
 libm.a(*)
 libgcc.a(*)

.ARM.attributes
                0x0000000000000000       0x29
 *(.ARM.attributes)
 .ARM.attributes
                0x0000000000000000       0x1d d:/set stm32/stm32cubeide_1.7.0/stm32cubeide/plugins/com.st.stm32cube.ide.mcu.externaltools.gnu-tools-for-stm32.9-2020-q2-update.win32_2.0.0.202105311346/tools/bin/../lib/gcc/arm-none-eabi/9.3.1/thumb/v7-m/nofp/crti.o
 .ARM.attributes
                0x000000000000001d       0x2d d:/set stm32/stm32cubeide_1.7.0/stm32cubeide/plugins/com.st.stm32cube.ide.mcu.externaltools.gnu-tools-for-stm32.9-2020-q2-update.win32_2.0.0.202105311346/tools/bin/../lib/gcc/arm-none-eabi/9.3.1/thumb/v7-m/nofp/crtbegin.o
 .ARM.attributes
                0x000000000000004a       0x2d ./Core/Src/main.o
 .ARM.attributes
                0x0000000000000077       0x2d ./Core/Src/move_driver.o
 .ARM.attributes
                0x00000000000000a4       0x2d ./Core/Src/software_timer.o
 .ARM.attributes
                0x00000000000000d1       0x2d ./Core/Src/stm32f1xx_hal_msp.o
 .ARM.attributes
                0x00000000000000fe       0x2d ./Core/Src/stm32f1xx_it.o
 .ARM.attributes
                0x000000000000012b       0x2d ./Core/Src/system_stm32f1xx.o
 .ARM.attributes
                0x0000000000000158       0x21 ./Core/Startup/startup_stm32f103c8tx.o
 .ARM.attributes
                0x0000000000000179       0x2d ./Drivers/STM32F1xx_HAL_Driver/Src/stm32f1xx_hal.o
 .ARM.attributes
                0x00000000000001a6       0x2d ./Drivers/STM32F1xx_HAL_Driver/Src/stm32f1xx_hal_adc.o
 .ARM.attributes
                0x00000000000001d3       0x2d ./Drivers/STM32F1xx_HAL_Driver/Src/stm32f1xx_hal_cortex.o
 .ARM.attributes
                0x0000000000000200       0x2d ./Drivers/STM32F1xx_HAL_Driver/Src/stm32f1xx_hal_dma.o
 .ARM.attributes
                0x000000000000022d       0x2d ./Drivers/STM32F1xx_HAL_Driver/Src/stm32f1xx_hal_gpio.o
 .ARM.attributes
                0x000000000000025a       0x2d ./Drivers/STM32F1xx_HAL_Driver/Src/stm32f1xx_hal_rcc.o
 .ARM.attributes
                0x0000000000000287       0x2d ./Drivers/STM32F1xx_HAL_Driver/Src/stm32f1xx_hal_rcc_ex.o
 .ARM.attributes
                0x00000000000002b4       0x2d ./Drivers/STM32F1xx_HAL_Driver/Src/stm32f1xx_hal_tim.o
 .ARM.attributes
                0x00000000000002e1       0x2d ./Drivers/STM32F1xx_HAL_Driver/Src/stm32f1xx_hal_tim_ex.o
 .ARM.attributes
                0x000000000000030e       0x2d d:/set stm32/stm32cubeide_1.7.0/stm32cubeide/plugins/com.st.stm32cube.ide.mcu.externaltools.gnu-tools-for-stm32.9-2020-q2-update.win32_2.0.0.202105311346/tools/bin/../lib/gcc/arm-none-eabi/9.3.1/../../../../arm-none-eabi/lib/thumb/v7-m/nofp\libc_nano.a(lib_a-init.o)
 .ARM.attributes
                0x000000000000033b       0x2d d:/set stm32/stm32cubeide_1.7.0/stm32cubeide/plugins/com.st.stm32cube.ide.mcu.externaltools.gnu-tools-for-stm32.9-2020-q2-update.win32_2.0.0.202105311346/tools/bin/../lib/gcc/arm-none-eabi/9.3.1/../../../../arm-none-eabi/lib/thumb/v7-m/nofp\libc_nano.a(lib_a-memset.o)
 .ARM.attributes
                0x0000000000000368       0x1d d:/set stm32/stm32cubeide_1.7.0/stm32cubeide/plugins/com.st.stm32cube.ide.mcu.externaltools.gnu-tools-for-stm32.9-2020-q2-update.win32_2.0.0.202105311346/tools/bin/../lib/gcc/arm-none-eabi/9.3.1/thumb/v7-m/nofp/crtn.o
OUTPUT(The_First.elf elf32-littlearm)
LOAD linker stubs
LOAD d:/set stm32/stm32cubeide_1.7.0/stm32cubeide/plugins/com.st.stm32cube.ide.mcu.externaltools.gnu-tools-for-stm32.9-2020-q2-update.win32_2.0.0.202105311346/tools/bin/../lib/gcc/arm-none-eabi/9.3.1/../../../../arm-none-eabi/lib/thumb/v7-m/nofp\libc.a
LOAD d:/set stm32/stm32cubeide_1.7.0/stm32cubeide/plugins/com.st.stm32cube.ide.mcu.externaltools.gnu-tools-for-stm32.9-2020-q2-update.win32_2.0.0.202105311346/tools/bin/../lib/gcc/arm-none-eabi/9.3.1/../../../../arm-none-eabi/lib/thumb/v7-m/nofp\libm.a
LOAD d:/set stm32/stm32cubeide_1.7.0/stm32cubeide/plugins/com.st.stm32cube.ide.mcu.externaltools.gnu-tools-for-stm32.9-2020-q2-update.win32_2.0.0.202105311346/tools/bin/../lib/gcc/arm-none-eabi/9.3.1/thumb/v7-m/nofp\libgcc.a

.debug_info     0x0000000000000000     0xc6f6
 .debug_info    0x0000000000000000     0x1bcb ./Core/Src/main.o
 .debug_info    0x0000000000001bcb     0x12c9 ./Core/Src/move_driver.o
 .debug_info    0x0000000000002e94       0xcb ./Core/Src/software_timer.o
 .debug_info    0x0000000000002f5f      0xe68 ./Core/Src/stm32f1xx_hal_msp.o
 .debug_info    0x0000000000003dc7      0x7e9 ./Core/Src/stm32f1xx_it.o
 .debug_info    0x00000000000045b0      0x2be ./Core/Src/system_stm32f1xx.o
 .debug_info    0x000000000000486e       0x22 ./Core/Startup/startup_stm32f103c8tx.o
 .debug_info    0x0000000000004890      0x76a ./Drivers/STM32F1xx_HAL_Driver/Src/stm32f1xx_hal.o
 .debug_info    0x0000000000004ffa      0xd52 ./Drivers/STM32F1xx_HAL_Driver/Src/stm32f1xx_hal_adc.o
 .debug_info    0x0000000000005d4c      0xbdc ./Drivers/STM32F1xx_HAL_Driver/Src/stm32f1xx_hal_cortex.o
 .debug_info    0x0000000000006928      0x823 ./Drivers/STM32F1xx_HAL_Driver/Src/stm32f1xx_hal_dma.o
 .debug_info    0x000000000000714b      0x701 ./Drivers/STM32F1xx_HAL_Driver/Src/stm32f1xx_hal_gpio.o
 .debug_info    0x000000000000784c      0x893 ./Drivers/STM32F1xx_HAL_Driver/Src/stm32f1xx_hal_rcc.o
 .debug_info    0x00000000000080df      0x486 ./Drivers/STM32F1xx_HAL_Driver/Src/stm32f1xx_hal_rcc_ex.o
 .debug_info    0x0000000000008565     0x2c12 ./Drivers/STM32F1xx_HAL_Driver/Src/stm32f1xx_hal_tim.o
 .debug_info    0x000000000000b177     0x157f ./Drivers/STM32F1xx_HAL_Driver/Src/stm32f1xx_hal_tim_ex.o

.debug_abbrev   0x0000000000000000     0x1f24
 .debug_abbrev  0x0000000000000000      0x38e ./Core/Src/main.o
 .debug_abbrev  0x000000000000038e      0x242 ./Core/Src/move_driver.o
 .debug_abbrev  0x00000000000005d0       0xbb ./Core/Src/software_timer.o
 .debug_abbrev  0x000000000000068b      0x1db ./Core/Src/stm32f1xx_hal_msp.o
 .debug_abbrev  0x0000000000000866      0x189 ./Core/Src/stm32f1xx_it.o
 .debug_abbrev  0x00000000000009ef      0x14e ./Core/Src/system_stm32f1xx.o
 .debug_abbrev  0x0000000000000b3d       0x12 ./Core/Startup/startup_stm32f103c8tx.o
 .debug_abbrev  0x0000000000000b4f      0x1ed ./Drivers/STM32F1xx_HAL_Driver/Src/stm32f1xx_hal.o
 .debug_abbrev  0x0000000000000d3c      0x1fb ./Drivers/STM32F1xx_HAL_Driver/Src/stm32f1xx_hal_adc.o
 .debug_abbrev  0x0000000000000f37      0x313 ./Drivers/STM32F1xx_HAL_Driver/Src/stm32f1xx_hal_cortex.o
 .debug_abbrev  0x000000000000124a      0x228 ./Drivers/STM32F1xx_HAL_Driver/Src/stm32f1xx_hal_dma.o
 .debug_abbrev  0x0000000000001472      0x1e8 ./Drivers/STM32F1xx_HAL_Driver/Src/stm32f1xx_hal_gpio.o
 .debug_abbrev  0x000000000000165a      0x273 ./Drivers/STM32F1xx_HAL_Driver/Src/stm32f1xx_hal_rcc.o
 .debug_abbrev  0x00000000000018cd      0x193 ./Drivers/STM32F1xx_HAL_Driver/Src/stm32f1xx_hal_rcc_ex.o
 .debug_abbrev  0x0000000000001a60      0x25e ./Drivers/STM32F1xx_HAL_Driver/Src/stm32f1xx_hal_tim.o
 .debug_abbrev  0x0000000000001cbe      0x266 ./Drivers/STM32F1xx_HAL_Driver/Src/stm32f1xx_hal_tim_ex.o

.debug_aranges  0x0000000000000000      0xc48
 .debug_aranges
                0x0000000000000000       0xa0 ./Core/Src/main.o
 .debug_aranges
                0x00000000000000a0       0xd8 ./Core/Src/move_driver.o
 .debug_aranges
                0x0000000000000178       0x28 ./Core/Src/software_timer.o
 .debug_aranges
                0x00000000000001a0       0x48 ./Core/Src/stm32f1xx_hal_msp.o
 .debug_aranges
                0x00000000000001e8       0x70 ./Core/Src/stm32f1xx_it.o
 .debug_aranges
                0x0000000000000258       0x28 ./Core/Src/system_stm32f1xx.o
 .debug_aranges
                0x0000000000000280       0x28 ./Core/Startup/startup_stm32f103c8tx.o
 .debug_aranges
                0x00000000000002a8       0xe0 ./Drivers/STM32F1xx_HAL_Driver/Src/stm32f1xx_hal.o
 .debug_aranges
                0x0000000000000388       0xf0 ./Drivers/STM32F1xx_HAL_Driver/Src/stm32f1xx_hal_adc.o
 .debug_aranges
                0x0000000000000478      0x100 ./Drivers/STM32F1xx_HAL_Driver/Src/stm32f1xx_hal_cortex.o
 .debug_aranges
                0x0000000000000578       0x80 ./Drivers/STM32F1xx_HAL_Driver/Src/stm32f1xx_hal_dma.o
 .debug_aranges
                0x00000000000005f8       0x58 ./Drivers/STM32F1xx_HAL_Driver/Src/stm32f1xx_hal_gpio.o
 .debug_aranges
                0x0000000000000650       0x90 ./Drivers/STM32F1xx_HAL_Driver/Src/stm32f1xx_hal_rcc.o
 .debug_aranges
                0x00000000000006e0       0x30 ./Drivers/STM32F1xx_HAL_Driver/Src/stm32f1xx_hal_rcc_ex.o
 .debug_aranges
                0x0000000000000710      0x3d0 ./Drivers/STM32F1xx_HAL_Driver/Src/stm32f1xx_hal_tim.o
 .debug_aranges
                0x0000000000000ae0      0x168 ./Drivers/STM32F1xx_HAL_Driver/Src/stm32f1xx_hal_tim_ex.o

.debug_ranges   0x0000000000000000      0xb50
 .debug_ranges  0x0000000000000000       0x90 ./Core/Src/main.o
 .debug_ranges  0x0000000000000090       0xc8 ./Core/Src/move_driver.o
 .debug_ranges  0x0000000000000158       0x18 ./Core/Src/software_timer.o
 .debug_ranges  0x0000000000000170       0x38 ./Core/Src/stm32f1xx_hal_msp.o
 .debug_ranges  0x00000000000001a8       0x60 ./Core/Src/stm32f1xx_it.o
 .debug_ranges  0x0000000000000208       0x18 ./Core/Src/system_stm32f1xx.o
 .debug_ranges  0x0000000000000220       0x20 ./Core/Startup/startup_stm32f103c8tx.o
 .debug_ranges  0x0000000000000240       0xd0 ./Drivers/STM32F1xx_HAL_Driver/Src/stm32f1xx_hal.o
 .debug_ranges  0x0000000000000310       0xe0 ./Drivers/STM32F1xx_HAL_Driver/Src/stm32f1xx_hal_adc.o
 .debug_ranges  0x00000000000003f0       0xf0 ./Drivers/STM32F1xx_HAL_Driver/Src/stm32f1xx_hal_cortex.o
 .debug_ranges  0x00000000000004e0       0x70 ./Drivers/STM32F1xx_HAL_Driver/Src/stm32f1xx_hal_dma.o
 .debug_ranges  0x0000000000000550       0x48 ./Drivers/STM32F1xx_HAL_Driver/Src/stm32f1xx_hal_gpio.o
 .debug_ranges  0x0000000000000598       0x80 ./Drivers/STM32F1xx_HAL_Driver/Src/stm32f1xx_hal_rcc.o
 .debug_ranges  0x0000000000000618       0x20 ./Drivers/STM32F1xx_HAL_Driver/Src/stm32f1xx_hal_rcc_ex.o
 .debug_ranges  0x0000000000000638      0x3c0 ./Drivers/STM32F1xx_HAL_Driver/Src/stm32f1xx_hal_tim.o
 .debug_ranges  0x00000000000009f8      0x158 ./Drivers/STM32F1xx_HAL_Driver/Src/stm32f1xx_hal_tim_ex.o

.debug_macro    0x0000000000000000    0x17dbf
 .debug_macro   0x0000000000000000      0x31e ./Core/Src/main.o
 .debug_macro   0x000000000000031e      0xa9c ./Core/Src/main.o
 .debug_macro   0x0000000000000dba      0x221 ./Core/Src/main.o
 .debug_macro   0x0000000000000fdb       0x2e ./Core/Src/main.o
 .debug_macro   0x0000000000001009       0x22 ./Core/Src/main.o
 .debug_macro   0x000000000000102b       0x22 ./Core/Src/main.o
 .debug_macro   0x000000000000104d       0x8e ./Core/Src/main.o
 .debug_macro   0x00000000000010db       0x51 ./Core/Src/main.o
 .debug_macro   0x000000000000112c      0x103 ./Core/Src/main.o
 .debug_macro   0x000000000000122f       0x6a ./Core/Src/main.o
 .debug_macro   0x0000000000001299      0x1df ./Core/Src/main.o
 .debug_macro   0x0000000000001478       0x1c ./Core/Src/main.o
 .debug_macro   0x0000000000001494       0x22 ./Core/Src/main.o
 .debug_macro   0x00000000000014b6       0xc3 ./Core/Src/main.o
 .debug_macro   0x0000000000001579      0xd23 ./Core/Src/main.o
 .debug_macro   0x000000000000229c     0xe09e ./Core/Src/main.o
 .debug_macro   0x000000000001033a       0x6d ./Core/Src/main.o
 .debug_macro   0x00000000000103a7     0x348d ./Core/Src/main.o
 .debug_macro   0x0000000000013834      0x174 ./Core/Src/main.o
 .debug_macro   0x00000000000139a8       0x5c ./Core/Src/main.o
 .debug_macro   0x0000000000013a04      0x5bc ./Core/Src/main.o
 .debug_macro   0x0000000000013fc0      0x289 ./Core/Src/main.o
 .debug_macro   0x0000000000014249      0x1cb ./Core/Src/main.o
 .debug_macro   0x0000000000014414      0x114 ./Core/Src/main.o
 .debug_macro   0x0000000000014528      0x1b2 ./Core/Src/main.o
 .debug_macro   0x00000000000146da       0x27 ./Core/Src/main.o
 .debug_macro   0x0000000000014701      0x136 ./Core/Src/main.o
 .debug_macro   0x0000000000014837      0x1bc ./Core/Src/main.o
 .debug_macro   0x00000000000149f3       0x34 ./Core/Src/main.o
 .debug_macro   0x0000000000014a27       0x3c ./Core/Src/main.o
 .debug_macro   0x0000000000014a63       0x57 ./Core/Src/main.o
 .debug_macro   0x0000000000014aba      0x46a ./Core/Src/main.o
 .debug_macro   0x0000000000014f24      0x1b5 ./Core/Src/main.o
 .debug_macro   0x00000000000150d9       0x87 ./Core/Src/main.o
 .debug_macro   0x0000000000015160      0x240 ./Core/Src/main.o
 .debug_macro   0x00000000000153a0      0x140 ./Core/Src/main.o
 .debug_macro   0x00000000000154e0      0x8ed ./Core/Src/main.o
 .debug_macro   0x0000000000015dcd       0x83 ./Core/Src/main.o
 .debug_macro   0x0000000000015e50       0x7c ./Core/Src/main.o
 .debug_macro   0x0000000000015ecc       0x18 ./Core/Src/main.o
 .debug_macro   0x0000000000015ee4       0x52 ./Core/Src/main.o
 .debug_macro   0x0000000000015f36       0x3c ./Core/Src/main.o
 .debug_macro   0x0000000000015f72       0x34 ./Core/Src/main.o
 .debug_macro   0x0000000000015fa6       0x16 ./Core/Src/main.o
 .debug_macro   0x0000000000015fbc       0x35 ./Core/Src/main.o
 .debug_macro   0x0000000000015ff1       0x16 ./Core/Src/main.o
 .debug_macro   0x0000000000016007       0x43 ./Core/Src/main.o
 .debug_macro   0x000000000001604a       0x34 ./Core/Src/main.o
 .debug_macro   0x000000000001607e       0x10 ./Core/Src/main.o
 .debug_macro   0x000000000001608e       0x58 ./Core/Src/main.o
 .debug_macro   0x00000000000160e6       0x71 ./Core/Src/main.o
 .debug_macro   0x0000000000016157       0x1c ./Core/Src/main.o
 .debug_macro   0x0000000000016173      0x12a ./Core/Src/main.o
 .debug_macro   0x000000000001629d      0x333 ./Core/Src/main.o
 .debug_macro   0x00000000000165d0       0x16 ./Core/Src/main.o
 .debug_macro   0x00000000000165e6       0x29 ./Core/Src/main.o
 .debug_macro   0x000000000001660f      0x292 ./Core/Src/move_driver.o
 .debug_macro   0x00000000000168a1       0x1b ./Core/Src/software_timer.o
 .debug_macro   0x00000000000168bc      0x1bc ./Core/Src/stm32f1xx_hal_msp.o
 .debug_macro   0x0000000000016a78      0x1c6 ./Core/Src/stm32f1xx_it.o
 .debug_macro   0x0000000000016c3e      0x1ad ./Core/Src/system_stm32f1xx.o
 .debug_macro   0x0000000000016deb      0x1d1 ./Drivers/STM32F1xx_HAL_Driver/Src/stm32f1xx_hal.o
 .debug_macro   0x0000000000016fbc      0x1ca ./Drivers/STM32F1xx_HAL_Driver/Src/stm32f1xx_hal_adc.o
 .debug_macro   0x0000000000017186      0x1ad ./Drivers/STM32F1xx_HAL_Driver/Src/stm32f1xx_hal_cortex.o
 .debug_macro   0x0000000000017333      0x1ad ./Drivers/STM32F1xx_HAL_Driver/Src/stm32f1xx_hal_dma.o
 .debug_macro   0x00000000000174e0      0x218 ./Drivers/STM32F1xx_HAL_Driver/Src/stm32f1xx_hal_gpio.o
 .debug_macro   0x00000000000176f8      0x1bf ./Drivers/STM32F1xx_HAL_Driver/Src/stm32f1xx_hal_rcc.o
 .debug_macro   0x00000000000178b7      0x1ad ./Drivers/STM32F1xx_HAL_Driver/Src/stm32f1xx_hal_rcc_ex.o
 .debug_macro   0x0000000000017a64      0x1ae ./Drivers/STM32F1xx_HAL_Driver/Src/stm32f1xx_hal_tim.o
 .debug_macro   0x0000000000017c12      0x1ad ./Drivers/STM32F1xx_HAL_Driver/Src/stm32f1xx_hal_tim_ex.o

.debug_line     0x0000000000000000     0xce39
 .debug_line    0x0000000000000000      0xd58 ./Core/Src/main.o
 .debug_line    0x0000000000000d58      0xa77 ./Core/Src/move_driver.o
 .debug_line    0x00000000000017cf       0xa0 ./Core/Src/software_timer.o
 .debug_line    0x000000000000186f      0x7a4 ./Core/Src/stm32f1xx_hal_msp.o
 .debug_line    0x0000000000002013      0x7a4 ./Core/Src/stm32f1xx_it.o
 .debug_line    0x00000000000027b7      0x730 ./Core/Src/system_stm32f1xx.o
 .debug_line    0x0000000000002ee7       0x86 ./Core/Startup/startup_stm32f103c8tx.o
 .debug_line    0x0000000000002f6d      0x95d ./Drivers/STM32F1xx_HAL_Driver/Src/stm32f1xx_hal.o
 .debug_line    0x00000000000038ca      0xfe2 ./Drivers/STM32F1xx_HAL_Driver/Src/stm32f1xx_hal_adc.o
 .debug_line    0x00000000000048ac      0xb45 ./Drivers/STM32F1xx_HAL_Driver/Src/stm32f1xx_hal_cortex.o
 .debug_line    0x00000000000053f1      0xdb6 ./Drivers/STM32F1xx_HAL_Driver/Src/stm32f1xx_hal_dma.o
 .debug_line    0x00000000000061a7      0x9f6 ./Drivers/STM32F1xx_HAL_Driver/Src/stm32f1xx_hal_gpio.o
 .debug_line    0x0000000000006b9d      0xd69 ./Drivers/STM32F1xx_HAL_Driver/Src/stm32f1xx_hal_rcc.o
 .debug_line    0x0000000000007906      0x8a4 ./Drivers/STM32F1xx_HAL_Driver/Src/stm32f1xx_hal_rcc_ex.o
 .debug_line    0x00000000000081aa     0x33dc ./Drivers/STM32F1xx_HAL_Driver/Src/stm32f1xx_hal_tim.o
 .debug_line    0x000000000000b586     0x18b3 ./Drivers/STM32F1xx_HAL_Driver/Src/stm32f1xx_hal_tim_ex.o

.debug_str      0x0000000000000000    0x8c9ae
 .debug_str     0x0000000000000000    0x8a20c ./Core/Src/main.o
                                      0x8a753 (size before relaxing)
 .debug_str     0x000000000008a20c      0x115 ./Core/Src/move_driver.o
                                      0x89e38 (size before relaxing)
 .debug_str     0x000000000008a321       0x46 ./Core/Src/software_timer.o
                                       0x2dbb (size before relaxing)
 .debug_str     0x000000000008a367       0xcb ./Core/Src/stm32f1xx_hal_msp.o
                                      0x86ffc (size before relaxing)
 .debug_str     0x000000000008a432       0xe6 ./Core/Src/stm32f1xx_it.o
                                      0x86b53 (size before relaxing)
 .debug_str     0x000000000008a518       0x52 ./Core/Src/system_stm32f1xx.o
                                      0x8644e (size before relaxing)
 .debug_str     0x000000000008a56a       0x36 ./Core/Startup/startup_stm32f103c8tx.o
                                         0x53 (size before relaxing)
 .debug_str     0x000000000008a5a0      0x304 ./Drivers/STM32F1xx_HAL_Driver/Src/stm32f1xx_hal.o
                                      0x86adf (size before relaxing)
 .debug_str     0x000000000008a8a4      0x366 ./Drivers/STM32F1xx_HAL_Driver/Src/stm32f1xx_hal_adc.o
                                      0x86ae5 (size before relaxing)
 .debug_str     0x000000000008ac0a      0x300 ./Drivers/STM32F1xx_HAL_Driver/Src/stm32f1xx_hal_cortex.o
                                      0x86ae7 (size before relaxing)
 .debug_str     0x000000000008af0a      0x235 ./Drivers/STM32F1xx_HAL_Driver/Src/stm32f1xx_hal_dma.o
                                      0x86829 (size before relaxing)
 .debug_str     0x000000000008b13f      0x31f ./Drivers/STM32F1xx_HAL_Driver/Src/stm32f1xx_hal_gpio.o
                                      0x86812 (size before relaxing)
 .debug_str     0x000000000008b45e      0x24f ./Drivers/STM32F1xx_HAL_Driver/Src/stm32f1xx_hal_rcc.o
                                      0x8684b (size before relaxing)
 .debug_str     0x000000000008b6ad       0xb9 ./Drivers/STM32F1xx_HAL_Driver/Src/stm32f1xx_hal_rcc_ex.o
                                      0x865d8 (size before relaxing)
 .debug_str     0x000000000008b766      0xd5a ./Drivers/STM32F1xx_HAL_Driver/Src/stm32f1xx_hal_tim.o
                                      0x87824 (size before relaxing)
 .debug_str     0x000000000008c4c0      0x4ee ./Drivers/STM32F1xx_HAL_Driver/Src/stm32f1xx_hal_tim_ex.o
                                      0x86fd5 (size before relaxing)

.comment        0x0000000000000000       0x53
 .comment       0x0000000000000000       0x53 ./Core/Src/main.o
                                         0x54 (size before relaxing)
 .comment       0x0000000000000053       0x54 ./Core/Src/move_driver.o
 .comment       0x0000000000000053       0x54 ./Core/Src/software_timer.o
 .comment       0x0000000000000053       0x54 ./Core/Src/stm32f1xx_hal_msp.o
 .comment       0x0000000000000053       0x54 ./Core/Src/stm32f1xx_it.o
 .comment       0x0000000000000053       0x54 ./Core/Src/system_stm32f1xx.o
 .comment       0x0000000000000053       0x54 ./Drivers/STM32F1xx_HAL_Driver/Src/stm32f1xx_hal.o
 .comment       0x0000000000000053       0x54 ./Drivers/STM32F1xx_HAL_Driver/Src/stm32f1xx_hal_adc.o
 .comment       0x0000000000000053       0x54 ./Drivers/STM32F1xx_HAL_Driver/Src/stm32f1xx_hal_cortex.o
 .comment       0x0000000000000053       0x54 ./Drivers/STM32F1xx_HAL_Driver/Src/stm32f1xx_hal_dma.o
 .comment       0x0000000000000053       0x54 ./Drivers/STM32F1xx_HAL_Driver/Src/stm32f1xx_hal_gpio.o
 .comment       0x0000000000000053       0x54 ./Drivers/STM32F1xx_HAL_Driver/Src/stm32f1xx_hal_rcc.o
 .comment       0x0000000000000053       0x54 ./Drivers/STM32F1xx_HAL_Driver/Src/stm32f1xx_hal_rcc_ex.o
 .comment       0x0000000000000053       0x54 ./Drivers/STM32F1xx_HAL_Driver/Src/stm32f1xx_hal_tim.o
 .comment       0x0000000000000053       0x54 ./Drivers/STM32F1xx_HAL_Driver/Src/stm32f1xx_hal_tim_ex.o

.debug_frame    0x0000000000000000     0x31b4
 .debug_frame   0x0000000000000000      0x244 ./Core/Src/main.o
 .debug_frame   0x0000000000000244      0x2fc ./Core/Src/move_driver.o
 .debug_frame   0x0000000000000540       0x60 ./Core/Src/software_timer.o
 .debug_frame   0x00000000000005a0       0xec ./Core/Src/stm32f1xx_hal_msp.o
 .debug_frame   0x000000000000068c      0x13c ./Core/Src/stm32f1xx_it.o
 .debug_frame   0x00000000000007c8       0x58 ./Core/Src/system_stm32f1xx.o
 .debug_frame   0x0000000000000820      0x334 ./Drivers/STM32F1xx_HAL_Driver/Src/stm32f1xx_hal.o
 .debug_frame   0x0000000000000b54      0x40c ./Drivers/STM32F1xx_HAL_Driver/Src/stm32f1xx_hal_adc.o
 .debug_frame   0x0000000000000f60      0x428 ./Drivers/STM32F1xx_HAL_Driver/Src/stm32f1xx_hal_cortex.o
 .debug_frame   0x0000000000001388      0x208 ./Drivers/STM32F1xx_HAL_Driver/Src/stm32f1xx_hal_dma.o
 .debug_frame   0x0000000000001590      0x14c ./Drivers/STM32F1xx_HAL_Driver/Src/stm32f1xx_hal_gpio.o
 .debug_frame   0x00000000000016dc      0x218 ./Drivers/STM32F1xx_HAL_Driver/Src/stm32f1xx_hal_rcc.o
 .debug_frame   0x00000000000018f4       0x80 ./Drivers/STM32F1xx_HAL_Driver/Src/stm32f1xx_hal_rcc_ex.o
 .debug_frame   0x0000000000001974     0x11bc ./Drivers/STM32F1xx_HAL_Driver/Src/stm32f1xx_hal_tim.o
 .debug_frame   0x0000000000002b30      0x638 ./Drivers/STM32F1xx_HAL_Driver/Src/stm32f1xx_hal_tim_ex.o
 .debug_frame   0x0000000000003168       0x2c d:/set stm32/stm32cubeide_1.7.0/stm32cubeide/plugins/com.st.stm32cube.ide.mcu.externaltools.gnu-tools-for-stm32.9-2020-q2-update.win32_2.0.0.202105311346/tools/bin/../lib/gcc/arm-none-eabi/9.3.1/../../../../arm-none-eabi/lib/thumb/v7-m/nofp\libc_nano.a(lib_a-init.o)
 .debug_frame   0x0000000000003194       0x20 d:/set stm32/stm32cubeide_1.7.0/stm32cubeide/plugins/com.st.stm32cube.ide.mcu.externaltools.gnu-tools-for-stm32.9-2020-q2-update.win32_2.0.0.202105311346/tools/bin/../lib/gcc/arm-none-eabi/9.3.1/../../../../arm-none-eabi/lib/thumb/v7-m/nofp\libc_nano.a(lib_a-memset.o)
