main.c:87:6:set_speed	16	static
main.c:105:6:dc1_forward	16	static
main.c:111:6:dc1_backwards	16	static
main.c:117:6:dc1_stop	8	static
main.c:122:6:dc2_forward	16	static
main.c:128:6:dc2_backwards	16	static
main.c:134:6:dc2_stop	8	static
main.c:139:6:dc3_forward	16	static
main.c:145:6:dc3_backwards	16	static
main.c:151:6:dc3_stop	8	static
main.c:156:6:dc4_forward	16	static
main.c:162:6:dc4_backwards	16	static
main.c:168:6:dc4_stop	8	static
main.c:173:6:stop	8	static
main.c:180:6:forward	8	static
main.c:187:6:backwards	8	static
main.c:194:6:front_left	8	static
main.c:202:6:front_right	8	static
main.c:209:6:back_left	8	static
main.c:217:6:back_right	8	static
main.c:225:6:right	8	static
main.c:233:6:left	8	static
main.c:241:6:rotate_left	8	static
main.c:249:6:rotate_right	8	static
main.c:257:6:line	8	static
main.c:272:9:check_line	24	static
main.c:282:6:line_set	8	static
main.c:347:9:check_status	4	static
main.c:361:6:line_set_temp	8	static
main.c:462:5:main	8	static
main.c:540:6:SystemClock_Config	72	static
main.c:579:13:MX_TIM2_Init	32	static
main.c:624:13:MX_TIM3_Init	64	static
main.c:695:13:MX_GPIO_Init	40	static
main.c:728:6:HAL_TIM_PeriodElapsedCallback	16	static
main.c:737:6:Error_Handler	4	static,ignoring_inline_asm
