main.c:101:6:button_scan	8	static
main.c:106:6:sensor_scan	16	static
main.c:115:6:led_blink	8	static
main.c:124:6:set_speed	16	static
main.c:142:6:dc1_forward	16	static
main.c:148:6:dc1_backwards	16	static
main.c:154:6:dc1_stop	8	static
main.c:159:6:dc2_forward	16	static
main.c:165:6:dc2_backwards	16	static
main.c:171:6:dc2_stop	8	static
main.c:176:6:dc3_forward	16	static
main.c:182:6:dc3_backwards	16	static
main.c:188:6:dc3_stop	8	static
main.c:193:6:dc4_forward	16	static
main.c:199:6:dc4_backwards	16	static
main.c:205:6:dc4_stop	8	static
main.c:210:6:stop	8	static
main.c:217:6:forward	8	static
main.c:224:6:backwards	8	static
main.c:231:6:front_left	8	static
main.c:239:6:front_right	8	static
main.c:246:6:back_left	8	static
main.c:254:6:back_right	8	static
main.c:262:6:right	8	static
main.c:270:6:left	8	static
main.c:278:6:rotate_left	8	static
main.c:286:6:rotate_right	8	static
main.c:309:9:check_line	4	static
main.c:379:9:check_status	4	static
main.c:393:6:sensorCalib	16	static
main.c:399:6:line_set_temp	8	static
main.c:508:5:main	8	static
main.c:591:6:SystemClock_Config	88	static
main.c:637:13:MX_ADC1_Init	24	static
main.c:696:13:MX_TIM2_Init	32	static
main.c:741:13:MX_TIM3_Init	64	static
main.c:810:13:MX_DMA_Init	16	static
main.c:828:13:MX_GPIO_Init	40	static
main.c:875:6:HAL_TIM_PeriodElapsedCallback	16	static
main.c:884:6:Error_Handler	4	static,ignoring_inline_asm
