main.c:104:6:button_scan	8	static
main.c:110:6:sensor_scan	16	static
main.c:119:6:led_blink	8	static
main.c:127:6:set_speed	16	static
main.c:145:6:dc1_forward	16	static
main.c:151:6:dc1_backwards	16	static
main.c:157:6:dc1_stop	8	static
main.c:162:6:dc2_forward	16	static
main.c:168:6:dc2_backwards	16	static
main.c:174:6:dc2_stop	8	static
main.c:179:6:dc3_forward	16	static
main.c:185:6:dc3_backwards	16	static
main.c:191:6:dc3_stop	8	static
main.c:196:6:dc4_forward	16	static
main.c:202:6:dc4_backwards	16	static
main.c:208:6:dc4_stop	8	static
main.c:213:6:stop	8	static
main.c:220:6:forward	8	static
main.c:227:6:backwards	8	static
main.c:234:6:front_left	8	static
main.c:242:6:front_right	8	static
main.c:249:6:back_left	8	static
main.c:257:6:back_right	8	static
main.c:265:6:right	8	static
main.c:273:6:left	8	static
main.c:281:6:rotate_left	8	static
main.c:289:6:rotate_right	8	static
main.c:312:9:check_line	4	static
main.c:389:9:check_status	4	static
main.c:403:6:sensorCalib	16	static
main.c:409:6:line_set_temp	8	static
main.c:513:6:test	8	static
main.c:531:5:main	8	static
main.c:598:6:SystemClock_Config	88	static
main.c:644:13:MX_ADC1_Init	24	static
main.c:705:13:MX_TIM2_Init	32	static
main.c:750:13:MX_TIM3_Init	64	static
main.c:819:13:MX_DMA_Init	16	static
main.c:837:13:MX_GPIO_Init	40	static
main.c:884:6:HAL_TIM_PeriodElapsedCallback	16	static
main.c:893:6:Error_Handler	4	static,ignoring_inline_asm
