main.c:102:6:buttonScan	8	static
main.c:107:6:sensorScan	16	static
main.c:116:6:ledBlink	8	static
main.c:125:6:set_speed	16	static
main.c:143:6:dc1_forward	16	static
main.c:149:6:dc1_backwards	16	static
main.c:155:6:dc1_stop	8	static
main.c:160:6:dc2_forward	16	static
main.c:166:6:dc2_backwards	16	static
main.c:172:6:dc2_stop	8	static
main.c:177:6:dc3_forward	16	static
main.c:183:6:dc3_backwards	16	static
main.c:189:6:dc3_stop	8	static
main.c:194:6:dc4_forward	16	static
main.c:200:6:dc4_backwards	16	static
main.c:206:6:dc4_stop	8	static
main.c:211:6:stop	8	static
main.c:218:6:forward	8	static
main.c:225:6:backwards	8	static
main.c:232:6:front_left	8	static
main.c:240:6:front_right	8	static
main.c:247:6:back_left	8	static
main.c:255:6:back_right	8	static
main.c:263:6:right	8	static
main.c:271:6:left	8	static
main.c:279:6:rotate_left	8	static
main.c:287:6:rotate_right	8	static
main.c:310:9:check_line	16	static
main.c:383:9:check_status	4	static
main.c:397:6:sensorCalib	16	static
main.c:403:6:line_set_temp	8	static
main.c:513:5:main	8	static
main.c:596:6:SystemClock_Config	88	static
main.c:642:13:MX_ADC1_Init	24	static
main.c:719:13:MX_TIM2_Init	32	static
main.c:764:13:MX_TIM3_Init	64	static
main.c:833:13:MX_DMA_Init	16	static
main.c:851:13:MX_GPIO_Init	40	static
main.c:898:6:HAL_TIM_PeriodElapsedCallback	16	static
main.c:907:6:Error_Handler	4	static,ignoring_inline_asm
