main.c:116:5:main	8	static
main.c:175:6:SystemClock_Config	88	static
main.c:221:13:MX_ADC1_Init	24	static
main.c:298:13:MX_TIM2_Init	32	static
main.c:343:13:MX_TIM4_Init	64	static
main.c:412:13:MX_DMA_Init	16	static
main.c:430:13:MX_GPIO_Init	40	static
main.c:471:6:HAL_TIM_PeriodElapsedCallback	16	static
main.c:475:6:buttonScan	8	static
main.c:481:6:sensorScan	16	static
main.c:491:6:ledBlink	8	static
main.c:499:9:checkLine	16	static
main.c:512:9:checkStatus	4	static
main.c:526:6:sensorCalib	16	static
main.c:532:6:lineSet	8	static
main.c:636:6:test	8	static
main.c:654:6:Error_Handler	4	static,ignoring_inline_asm
