main.c:115:5:main	8	static
main.c:177:6:SystemClock_Config	88	static
main.c:223:13:MX_ADC1_Init	24	static
main.c:300:13:MX_TIM2_Init	32	static
main.c:345:13:MX_TIM4_Init	64	static
main.c:414:13:MX_DMA_Init	16	static
main.c:432:13:MX_GPIO_Init	40	static
main.c:473:6:HAL_TIM_PeriodElapsedCallback	16	static
main.c:477:6:buttonScan	8	static
main.c:483:6:sensorScan	16	static
main.c:493:6:ledBlink	8	static
main.c:521:9:checkLine	8	static
main.c:561:9:checkStatus	4	static
main.c:576:6:sensorCalib	16	static
main.c:582:6:followLine	8	static
main.c:605:5:followLineUntilCross	8	static
main.c:643:5:turnLeftUntilLine	8	static
main.c:658:5:turnRightUntilLine	8	static
main.c:674:6:lineSet	8	static
main.c:906:6:test	8	static
main.c:924:6:Error_Handler	4	static,ignoring_inline_asm
