move_driver.c:12:6:setSpeed	16	static
move_driver.c:30:6:dc1Forward	16	static
move_driver.c:36:6:dc1Backwards	16	static
move_driver.c:42:6:dc1Stop	8	static
move_driver.c:48:6:dc2Forward	16	static
move_driver.c:54:6:dc2Backwards	16	static
move_driver.c:60:6:dc2Stop	8	static
move_driver.c:66:6:dc3Forward	16	static
move_driver.c:72:6:dc3Backwards	16	static
move_driver.c:78:6:dc3Stop	8	static
move_driver.c:84:6:dc4Forward	16	static
move_driver.c:90:6:dc4Backwards	16	static
move_driver.c:96:6:dc4Stop	8	static
move_driver.c:102:6:stop	8	static
move_driver.c:109:6:forward	8	static
move_driver.c:116:6:backwards	8	static
move_driver.c:123:6:frontLeft	8	static
move_driver.c:131:6:frontRight	8	static
move_driver.c:138:6:backLeft	8	static
move_driver.c:146:6:backRight	8	static
move_driver.c:154:6:right	8	static
move_driver.c:162:6:left	8	static
move_driver.c:170:6:rotateLeft	8	static
move_driver.c:178:6:rotateRight	8	static
