move_driver.c:12:6:setSpeed	16	static
move_driver.c:30:6:dc1Forward	16	static
move_driver.c:36:6:dc1Backwards	16	static
move_driver.c:42:6:dc1Stop	8	static
move_driver.c:47:6:dc2Forward	16	static
move_driver.c:53:6:dc2Backwards	16	static
move_driver.c:59:6:dc2Stop	8	static
move_driver.c:64:6:dc3Forward	16	static
move_driver.c:70:6:dc3Backwards	16	static
move_driver.c:76:6:dc3Stop	8	static
move_driver.c:81:6:dc4Forward	16	static
move_driver.c:87:6:dc4Backwards	16	static
move_driver.c:93:6:dc4Stop	8	static
move_driver.c:98:6:stop	8	static
move_driver.c:105:6:forward	8	static
move_driver.c:112:6:backwards	8	static
move_driver.c:119:6:frontLeft	8	static
move_driver.c:127:6:frontRight	8	static
move_driver.c:134:6:backLeft	8	static
move_driver.c:142:6:backRight	8	static
move_driver.c:150:6:right	8	static
move_driver.c:158:6:left	8	static
move_driver.c:166:6:rotateLeft	8	static
move_driver.c:174:6:rotateRight	8	static
